Component: ARM Compiler 6.16 Tool: armlink [5dfeaa00]

==============================================================================

Section Cross References

    startup_stm32f103x6.o(RESET) refers to startup_stm32f103x6.o(STACK) for __initial_sp
    startup_stm32f103x6.o(RESET) refers to startup_stm32f103x6.o(.text) for Reset_Handler
    startup_stm32f103x6.o(RESET) refers to stm32f1xx_it.o(.text.NMI_Handler) for NMI_Handler
    startup_stm32f103x6.o(RESET) refers to stm32f1xx_it.o(.text.HardFault_Handler) for HardFault_Handler
    startup_stm32f103x6.o(RESET) refers to stm32f1xx_it.o(.text.MemManage_Handler) for MemManage_Handler
    startup_stm32f103x6.o(RESET) refers to stm32f1xx_it.o(.text.BusFault_Handler) for BusFault_Handler
    startup_stm32f103x6.o(RESET) refers to stm32f1xx_it.o(.text.UsageFault_Handler) for UsageFault_Handler
    startup_stm32f103x6.o(RESET) refers to stm32f1xx_it.o(.text.SVC_Handler) for SVC_Handler
    startup_stm32f103x6.o(RESET) refers to stm32f1xx_it.o(.text.DebugMon_Handler) for DebugMon_Handler
    startup_stm32f103x6.o(RESET) refers to stm32f1xx_it.o(.text.PendSV_Handler) for PendSV_Handler
    startup_stm32f103x6.o(RESET) refers to stm32f1xx_it.o(.text.SysTick_Handler) for SysTick_Handler
    startup_stm32f103x6.o(RESET) refers to stm32f1xx_it.o(.text.USART1_IRQHandler) for USART1_IRQHandler
    startup_stm32f103x6.o(.text) refers to system_stm32f1xx.o(.text.SystemInit) for SystemInit
    startup_stm32f103x6.o(.text) refers to entry.o(.ARM.Collect$$$$00000000) for __main
    main.o(.ARM.exidx.text.SimpleDPP_putchar) refers to main.o(.text.SimpleDPP_putchar) for [Anonymous Symbol]
    main.o(.ARM.exidx.text.EasyTel_ThreadDelay) refers to main.o(.text.EasyTel_ThreadDelay) for [Anonymous Symbol]
    main.o(.text.test) refers to puts.o(i.puts) for puts
    main.o(.ARM.exidx.text.test) refers to main.o(.text.test) for [Anonymous Symbol]
    main.o(.text.main) refers to stm32f1xx_hal.o(.text.HAL_Init) for HAL_Init
    main.o(.text.main) refers to main.o(.text.SystemClock_Config) for SystemClock_Config
    main.o(.text.main) refers to gpio.o(.text.MX_GPIO_Init) for MX_GPIO_Init
    main.o(.text.main) refers to usart.o(.text.MX_USART1_UART_Init) for MX_USART1_UART_Init
    main.o(.text.main) refers to eventrecorder.o(.text.EventRecorderInitialize) for EventRecorderInitialize
    main.o(.text.main) refers to eventrecorder.o(.text.EventRecorderStart) for EventRecorderStart
    main.o(.text.main) refers to main.o(.bss.etp_o) for etp_o
    main.o(.text.main) refers to main.o(.text.SimpleDPP_putchar) for SimpleDPP_putchar
    main.o(.text.main) refers to main.o(.bss.__send_data) for __send_data
    main.o(.text.main) refers to main.o(.bss.__recv_data) for __recv_data
    main.o(.text.main) refers to easytel.o(.text.EasyTelPoint_Constructor) for EasyTelPoint_Constructor
    main.o(.text.main) refers to main.o(.text.test) for test
    main.o(.text.main) refers to easytel.o(.text.registerCmdCallback) for registerCmdCallback
    main.o(.text.main) refers to usart.o(.bss.huart1) for huart1
    main.o(.text.main) refers to main.o(.bss.aRxBuffer1) for aRxBuffer1
    main.o(.text.main) refers to stm32f1xx_hal_uart.o(.text.HAL_UART_Receive_IT) for HAL_UART_Receive_IT
    main.o(.ARM.exidx.text.main) refers to main.o(.text.main) for [Anonymous Symbol]
    main.o(.text.SystemClock_Config) refers to memseta.o(.text) for __aeabi_memclr4
    main.o(.text.SystemClock_Config) refers to stm32f1xx_hal_rcc.o(.text.HAL_RCC_OscConfig) for HAL_RCC_OscConfig
    main.o(.text.SystemClock_Config) refers to stm32f1xx_hal_rcc.o(.text.HAL_RCC_ClockConfig) for HAL_RCC_ClockConfig
    main.o(.text.SystemClock_Config) refers to main.o(.text.Error_Handler) for Error_Handler
    main.o(.ARM.exidx.text.SystemClock_Config) refers to main.o(.text.SystemClock_Config) for [Anonymous Symbol]
    main.o(.ARM.exidx.text.Error_Handler) refers to main.o(.text.Error_Handler) for [Anonymous Symbol]
    main.o(.text.HAL_UART_RxCpltCallback) refers to main.o(.bss.aRxBuffer1) for aRxBuffer1
    main.o(.text.HAL_UART_RxCpltCallback) refers to usart.o(.bss.huart1) for huart1
    main.o(.text.HAL_UART_RxCpltCallback) refers to stm32f1xx_hal_uart.o(.text.HAL_UART_Receive_IT) for HAL_UART_Receive_IT
    main.o(.text.HAL_UART_RxCpltCallback) refers to main.o(.bss.etp_o) for etp_o
    main.o(.text.HAL_UART_RxCpltCallback) refers to simpledpp.o(.text.SimpleDPP_parse) for SimpleDPP_parse
    main.o(.ARM.exidx.text.HAL_UART_RxCpltCallback) refers to main.o(.text.HAL_UART_RxCpltCallback) for [Anonymous Symbol]
    gpio.o(.ARM.exidx.text.MX_GPIO_Init) refers to gpio.o(.text.MX_GPIO_Init) for [Anonymous Symbol]
    usart.o(.text.MX_USART1_UART_Init) refers to usart.o(.bss.huart1) for huart1
    usart.o(.text.MX_USART1_UART_Init) refers to stm32f1xx_hal_uart.o(.text.HAL_UART_Init) for HAL_UART_Init
    usart.o(.text.MX_USART1_UART_Init) refers to main.o(.text.Error_Handler) for Error_Handler
[...]
    Removing stm32f1xx_hal.o(.text.HAL_DBGMCU_DisableDBGStandbyMode), (18 bytes).
    Removing stm32f1xx_hal.o(.ARM.exidx.text.HAL_DBGMCU_DisableDBGStandbyMode), (8 bytes).
    Removing stm32f1xx_hal_rcc.o(.text), (0 bytes).
    Removing stm32f1xx_hal_rcc.o(.text.HAL_RCC_DeInit), (230 bytes).
    Removing stm32f1xx_hal_rcc.o(.ARM.exidx.text.HAL_RCC_DeInit), (8 bytes).
    Removing stm32f1xx_hal_rcc.o(.ARM.exidx.text.HAL_RCC_OscConfig), (8 bytes).
    Removing stm32f1xx_hal_rcc.o(.ARM.exidx.text.RCC_Delay), (8 bytes).
    Removing stm32f1xx_hal_rcc.o(.ARM.exidx.text.HAL_RCC_ClockConfig), (8 bytes).
    Removing stm32f1xx_hal_rcc.o(.ARM.exidx.text.HAL_RCC_GetSysClockFreq), (8 bytes).
    Removing stm32f1xx_hal_rcc.o(.text.HAL_RCC_MCOConfig), (82 bytes).
    Removing stm32f1xx_hal_rcc.o(.ARM.exidx.text.HAL_RCC_MCOConfig), (8 bytes).
    Removing stm32f1xx_hal_rcc.o(.text.HAL_RCC_EnableCSS), (12 bytes).
    Removing stm32f1xx_hal_rcc.o(.ARM.exidx.text.HAL_RCC_EnableCSS), (8 bytes).
    Removing stm32f1xx_hal_rcc.o(.text.HAL_RCC_DisableCSS), (12 bytes).
    Removing stm32f1xx_hal_rcc.o(.ARM.exidx.text.HAL_RCC_DisableCSS), (8 bytes).
    Removing stm32f1xx_hal_rcc.o(.ARM.exidx.text.HAL_RCC_GetHCLKFreq), (8 bytes).
    Removing stm32f1xx_hal_rcc.o(.ARM.exidx.text.HAL_RCC_GetPCLK1Freq), (8 bytes).
    Removing stm32f1xx_hal_rcc.o(.ARM.exidx.text.HAL_RCC_GetPCLK2Freq), (8 bytes).
    Removing stm32f1xx_hal_rcc.o(.text.HAL_RCC_GetOscConfig), (126 bytes).
    Removing stm32f1xx_hal_rcc.o(.ARM.exidx.text.HAL_RCC_GetOscConfig), (8 bytes).
    Removing stm32f1xx_hal_rcc.o(.text.HAL_RCC_GetClockConfig), (66 bytes).
    Removing stm32f1xx_hal_rcc.o(.ARM.exidx.text.HAL_RCC_GetClockConfig), (8 bytes).
    Removing stm32f1xx_hal_rcc.o(.text.HAL_RCC_NMI_IRQHandler), (28 bytes).
    Removing stm32f1xx_hal_rcc.o(.ARM.exidx.text.HAL_RCC_NMI_IRQHandler), (8 bytes).
    Removing stm32f1xx_hal_rcc.o(.text.HAL_RCC_CSSCallback), (2 bytes).
    Removing stm32f1xx_hal_rcc.o(.ARM.exidx.text.HAL_RCC_CSSCallback), (8 bytes).
    Removing stm32f1xx_hal_rcc_ex.o(.text), (0 bytes).
    Removing stm32f1xx_hal_rcc_ex.o(.text.HAL_RCCEx_PeriphCLKConfig), (262 bytes).
    Removing stm32f1xx_hal_rcc_ex.o(.ARM.exidx.text.HAL_RCCEx_PeriphCLKConfig), (8 bytes).
    Removing stm32f1xx_hal_rcc_ex.o(.text.HAL_RCCEx_GetPeriphCLKConfig), (38 bytes).
    Removing stm32f1xx_hal_rcc_ex.o(.ARM.exidx.text.HAL_RCCEx_GetPeriphCLKConfig), (8 bytes).
    Removing stm32f1xx_hal_rcc_ex.o(.text.HAL_RCCEx_GetPeriphCLKFreq), (244 bytes).
    Removing stm32f1xx_hal_rcc_ex.o(.ARM.exidx.text.HAL_RCCEx_GetPeriphCLKFreq), (8 bytes).
    Removing stm32f1xx_hal_gpio.o(.text), (0 bytes).
    Removing stm32f1xx_hal_gpio.o(.ARM.exidx.text.HAL_GPIO_Init), (8 bytes).
    Removing stm32f1xx_hal_gpio.o(.text.HAL_GPIO_DeInit), (248 bytes).
    Removing stm32f1xx_hal_gpio.o(.ARM.exidx.text.HAL_GPIO_DeInit), (8 bytes).
    Removing stm32f1xx_hal_gpio.o(.text.HAL_GPIO_ReadPin), (10 bytes).
    Removing stm32f1xx_hal_gpio.o(.ARM.exidx.text.HAL_GPIO_ReadPin), (8 bytes).
    Removing stm32f1xx_hal_gpio.o(.text.HAL_GPIO_WritePin), (10 bytes).
    Removing stm32f1xx_hal_gpio.o(.ARM.exidx.text.HAL_GPIO_WritePin), (8 bytes).
    Removing stm32f1xx_hal_gpio.o(.text.HAL_GPIO_TogglePin), (16 bytes).
    Removing stm32f1xx_hal_gpio.o(.ARM.exidx.text.HAL_GPIO_TogglePin), (8 bytes).
    Removing stm32f1xx_hal_gpio.o(.text.HAL_GPIO_LockPin), (40 bytes).
    Removing stm32f1xx_hal_gpio.o(.ARM.exidx.text.HAL_GPIO_LockPin), (8 bytes).
    Removing stm32f1xx_hal_gpio.o(.text.HAL_GPIO_EXTI_IRQHandler), (26 bytes).
    Removing stm32f1xx_hal_gpio.o(.ARM.exidx.text.HAL_GPIO_EXTI_IRQHandler), (8 bytes).
    Removing stm32f1xx_hal_gpio.o(.text.HAL_GPIO_EXTI_Callback), (2 bytes).
    Removing stm32f1xx_hal_gpio.o(.ARM.exidx.text.HAL_GPIO_EXTI_Callback), (8 bytes).
    Removing stm32f1xx_hal_dma.o(.text), (0 bytes).
    Removing stm32f1xx_hal_dma.o(.text.HAL_DMA_Init), (118 bytes).
    Removing stm32f1xx_hal_dma.o(.ARM.exidx.text.HAL_DMA_Init), (8 bytes).
    Removing stm32f1xx_hal_dma.o(.text.HAL_DMA_DeInit), (94 bytes).
    Removing stm32f1xx_hal_dma.o(.ARM.exidx.text.HAL_DMA_DeInit), (8 bytes).
    Removing stm32f1xx_hal_dma.o(.text.HAL_DMA_Start), (82 bytes).
    Removing stm32f1xx_hal_dma.o(.ARM.exidx.text.HAL_DMA_Start), (8 bytes).
    Removing stm32f1xx_hal_dma.o(.text.DMA_SetConfig), (44 bytes).
    Removing stm32f1xx_hal_dma.o(.ARM.exidx.text.DMA_SetConfig), (8 bytes).
    Removing stm32f1xx_hal_dma.o(.text.HAL_DMA_Start_IT), (112 bytes).
    Removing stm32f1xx_hal_dma.o(.ARM.exidx.text.HAL_DMA_Start_IT), (8 bytes).
    Removing stm32f1xx_hal_dma.o(.ARM.exidx.text.HAL_DMA_Abort), (8 bytes).
    Removing stm32f1xx_hal_dma.o(.ARM.exidx.text.HAL_DMA_Abort_IT), (8 bytes).
    Removing stm32f1xx_hal_dma.o(.text.HAL_DMA_PollForTransfer), (686 bytes).
    Removing stm32f1xx_hal_dma.o(.ARM.exidx.text.HAL_DMA_PollForTransfer), (8 bytes).
    Removing stm32f1xx_hal_dma.o(.text.HAL_DMA_IRQHandler), (378 bytes).
    Removing stm32f1xx_hal_dma.o(.ARM.exidx.text.HAL_DMA_IRQHandler), (8 bytes).
    Removing stm32f1xx_hal_dma.o(.text.HAL_DMA_RegisterCallback), (70 bytes).
    Removing stm32f1xx_hal_dma.o(.ARM.exidx.text.HAL_DMA_RegisterCallback), (8 bytes).
    Removing stm32f1xx_hal_dma.o(.text.HAL_DMA_UnRegisterCallback), (86 bytes).
    Removing stm32f1xx_hal_dma.o(.ARM.exidx.text.HAL_DMA_UnRegisterCallback), (8 bytes).
    Removing stm32f1xx_hal_dma.o(.text.HAL_DMA_GetState), (6 bytes).
    Removing stm32f1xx_hal_dma.o(.ARM.exidx.text.HAL_DMA_GetState), (8 bytes).
    Removing stm32f1xx_hal_dma.o(.text.HAL_DMA_GetError), (4 bytes).
    Removing stm32f1xx_hal_dma.o(.ARM.exidx.text.HAL_DMA_GetError), (8 bytes).
    Removing stm32f1xx_hal_cortex.o(.text), (0 bytes).
    Removing stm32f1xx_hal_cortex.o(.ARM.exidx.text.HAL_NVIC_SetPriorityGrouping), (8 bytes).
    Removing stm32f1xx_hal_cortex.o(.ARM.exidx.text.__NVIC_SetPriorityGrouping), (8 bytes).
    Removing stm32f1xx_hal_cortex.o(.ARM.exidx.text.HAL_NVIC_SetPriority), (8 bytes).
    Removing stm32f1xx_hal_cortex.o(.ARM.exidx.text.__NVIC_GetPriorityGrouping), (8 bytes).
    Removing stm32f1xx_hal_cortex.o(.ARM.exidx.text.__NVIC_SetPriority), (8 bytes).
    Removing stm32f1xx_hal_cortex.o(.ARM.exidx.text.NVIC_EncodePriority), (8 bytes).
    Removing stm32f1xx_hal_cortex.o(.ARM.exidx.text.HAL_NVIC_EnableIRQ), (8 bytes).
    Removing stm32f1xx_hal_cortex.o(.ARM.exidx.text.__NVIC_EnableIRQ), (8 bytes).
    Removing stm32f1xx_hal_cortex.o(.text.HAL_NVIC_DisableIRQ), (8 bytes).
    Removing stm32f1xx_hal_cortex.o(.ARM.exidx.text.HAL_NVIC_DisableIRQ), (8 bytes).
    Removing stm32f1xx_hal_cortex.o(.text.__NVIC_DisableIRQ), (40 bytes).
    Removing stm32f1xx_hal_cortex.o(.ARM.exidx.text.__NVIC_DisableIRQ), (8 bytes).
    Removing stm32f1xx_hal_cortex.o(.text.HAL_NVIC_SystemReset), (4 bytes).
    Removing stm32f1xx_hal_cortex.o(.ARM.exidx.text.HAL_NVIC_SystemReset), (8 bytes).
    Removing stm32f1xx_hal_cortex.o(.text.__NVIC_SystemReset), (36 bytes).
    Removing stm32f1xx_hal_cortex.o(.ARM.exidx.text.__NVIC_SystemReset), (8 bytes).
    Removing stm32f1xx_hal_cortex.o(.ARM.exidx.text.HAL_SYSTICK_Config), (8 bytes).
    Removing stm32f1xx_hal_cortex.o(.ARM.exidx.text.SysTick_Config), (8 bytes).
    Removing stm32f1xx_hal_cortex.o(.text.HAL_NVIC_GetPriorityGrouping), (8 bytes).
    Removing stm32f1xx_hal_cortex.o(.ARM.exidx.text.HAL_NVIC_GetPriorityGrouping), (8 bytes).
    Removing stm32f1xx_hal_cortex.o(.text.HAL_NVIC_GetPriority), (24 bytes).
    Removing stm32f1xx_hal_cortex.o(.ARM.exidx.text.HAL_NVIC_GetPriority), (8 bytes).
    Removing stm32f1xx_hal_cortex.o(.text.NVIC_DecodePriority), (56 bytes).
    Removing stm32f1xx_hal_cortex.o(.ARM.exidx.text.NVIC_DecodePriority), (8 bytes).
    Removing stm32f1xx_hal_cortex.o(.text.__NVIC_GetPriority), (34 bytes).
    Removing stm32f1xx_hal_cortex.o(.ARM.exidx.text.__NVIC_GetPriority), (8 bytes).
    Removing stm32f1xx_hal_cortex.o(.text.HAL_NVIC_SetPendingIRQ), (8 bytes).
    Removing stm32f1xx_hal_cortex.o(.ARM.exidx.text.HAL_NVIC_SetPendingIRQ), (8 bytes).
    Removing stm32f1xx_hal_cortex.o(.text.__NVIC_SetPendingIRQ), (32 bytes).
    Removing stm32f1xx_hal_cortex.o(.ARM.exidx.text.__NVIC_SetPendingIRQ), (8 bytes).
    Removing stm32f1xx_hal_cortex.o(.text.HAL_NVIC_GetPendingIRQ), (8 bytes).
    Removing stm32f1xx_hal_cortex.o(.ARM.exidx.text.HAL_NVIC_GetPendingIRQ), (8 bytes).
    Removing stm32f1xx_hal_cortex.o(.text.__NVIC_GetPendingIRQ), (36 bytes).
    Removing stm32f1xx_hal_cortex.o(.ARM.exidx.text.__NVIC_GetPendingIRQ), (8 bytes).
    Removing stm32f1xx_hal_cortex.o(.text.HAL_NVIC_ClearPendingIRQ), (8 bytes).
    Removing stm32f1xx_hal_cortex.o(.ARM.exidx.text.HAL_NVIC_ClearPendingIRQ), (8 bytes).
    Removing stm32f1xx_hal_cortex.o(.text.__NVIC_ClearPendingIRQ), (32 bytes).
    Removing stm32f1xx_hal_cortex.o(.ARM.exidx.text.__NVIC_ClearPendingIRQ), (8 bytes).
    Removing stm32f1xx_hal_cortex.o(.text.HAL_NVIC_GetActive), (8 bytes).
    Removing stm32f1xx_hal_cortex.o(.ARM.exidx.text.HAL_NVIC_GetActive), (8 bytes).
    Removing stm32f1xx_hal_cortex.o(.text.__NVIC_GetActive), (36 bytes).
    Removing stm32f1xx_hal_cortex.o(.ARM.exidx.text.__NVIC_GetActive), (8 bytes).
    Removing stm32f1xx_hal_cortex.o(.text.HAL_SYSTICK_CLKSourceConfig), (24 bytes).
    Removing stm32f1xx_hal_cortex.o(.ARM.exidx.text.HAL_SYSTICK_CLKSourceConfig), (8 bytes).
    Removing stm32f1xx_hal_cortex.o(.text.HAL_SYSTICK_IRQHandler), (8 bytes).
    Removing stm32f1xx_hal_cortex.o(.ARM.exidx.text.HAL_SYSTICK_IRQHandler), (8 bytes).
    Removing stm32f1xx_hal_cortex.o(.text.HAL_SYSTICK_Callback), (2 bytes).
    Removing stm32f1xx_hal_cortex.o(.ARM.exidx.text.HAL_SYSTICK_Callback), (8 bytes).
    Removing stm32f1xx_hal_pwr.o(.text), (0 bytes).
    Removing stm32f1xx_hal_pwr.o(.text.HAL_PWR_DeInit), (26 bytes).
    Removing stm32f1xx_hal_pwr.o(.ARM.exidx.text.HAL_PWR_DeInit), (8 bytes).
    Removing stm32f1xx_hal_pwr.o(.text.HAL_PWR_EnableBkUpAccess), (12 bytes).
    Removing stm32f1xx_hal_pwr.o(.ARM.exidx.text.HAL_PWR_EnableBkUpAccess), (8 bytes).
    Removing stm32f1xx_hal_pwr.o(.text.HAL_PWR_DisableBkUpAccess), (12 bytes).
    Removing stm32f1xx_hal_pwr.o(.ARM.exidx.text.HAL_PWR_DisableBkUpAccess), (8 bytes).
    Removing stm32f1xx_hal_pwr.o(.text.HAL_PWR_ConfigPVD), (128 bytes).
    Removing stm32f1xx_hal_pwr.o(.ARM.exidx.text.HAL_PWR_ConfigPVD), (8 bytes).
    Removing stm32f1xx_hal_pwr.o(.text.HAL_PWR_EnablePVD), (12 bytes).
    Removing stm32f1xx_hal_pwr.o(.ARM.exidx.text.HAL_PWR_EnablePVD), (8 bytes).
    Removing stm32f1xx_hal_pwr.o(.text.HAL_PWR_DisablePVD), (12 bytes).
    Removing stm32f1xx_hal_pwr.o(.ARM.exidx.text.HAL_PWR_DisablePVD), (8 bytes).
    Removing stm32f1xx_hal_pwr.o(.text.HAL_PWR_EnableWakeUpPin), (22 bytes).
    Removing stm32f1xx_hal_pwr.o(.ARM.exidx.text.HAL_PWR_EnableWakeUpPin), (8 bytes).
    Removing stm32f1xx_hal_pwr.o(.text.HAL_PWR_DisableWakeUpPin), (22 bytes).
    Removing stm32f1xx_hal_pwr.o(.ARM.exidx.text.HAL_PWR_DisableWakeUpPin), (8 bytes).
    Removing stm32f1xx_hal_pwr.o(.text.HAL_PWR_EnterSLEEPMode), (30 bytes).
    Removing stm32f1xx_hal_pwr.o(.ARM.exidx.text.HAL_PWR_EnterSLEEPMode), (8 bytes).
    Removing stm32f1xx_hal_pwr.o(.text.HAL_PWR_EnterSTOPMode), (72 bytes).
    Removing stm32f1xx_hal_pwr.o(.ARM.exidx.text.HAL_PWR_EnterSTOPMode), (8 bytes).
    Removing stm32f1xx_hal_pwr.o(.text.PWR_OverloadWfe), (6 bytes).
    Removing stm32f1xx_hal_pwr.o(.ARM.exidx.text.PWR_OverloadWfe), (8 bytes).
    Removing stm32f1xx_hal_pwr.o(.text.HAL_PWR_EnterSTANDBYMode), (36 bytes).
    Removing stm32f1xx_hal_pwr.o(.ARM.exidx.text.HAL_PWR_EnterSTANDBYMode), (8 bytes).
    Removing stm32f1xx_hal_pwr.o(.text.HAL_PWR_EnableSleepOnExit), (18 bytes).
    Removing stm32f1xx_hal_pwr.o(.ARM.exidx.text.HAL_PWR_EnableSleepOnExit), (8 bytes).
    Removing stm32f1xx_hal_pwr.o(.text.HAL_PWR_DisableSleepOnExit), (18 bytes).
    Removing stm32f1xx_hal_pwr.o(.ARM.exidx.text.HAL_PWR_DisableSleepOnExit), (8 bytes).
    Removing stm32f1xx_hal_pwr.o(.text.HAL_PWR_EnableSEVOnPend), (18 bytes).
    Removing stm32f1xx_hal_pwr.o(.ARM.exidx.text.HAL_PWR_EnableSEVOnPend), (8 bytes).
    Removing stm32f1xx_hal_pwr.o(.text.HAL_PWR_DisableSEVOnPend), (18 bytes).
    Removing stm32f1xx_hal_pwr.o(.ARM.exidx.text.HAL_PWR_DisableSEVOnPend), (8 bytes).
    Removing stm32f1xx_hal_pwr.o(.text.HAL_PWR_PVD_IRQHandler), (30 bytes).
    Removing stm32f1xx_hal_pwr.o(.ARM.exidx.text.HAL_PWR_PVD_IRQHandler), (8 bytes).
    Removing stm32f1xx_hal_pwr.o(.text.HAL_PWR_PVDCallback), (2 bytes).
    Removing stm32f1xx_hal_pwr.o(.ARM.exidx.text.HAL_PWR_PVDCallback), (8 bytes).
    Removing stm32f1xx_hal_flash.o(.text), (0 bytes).
    Removing stm32f1xx_hal_flash.o(.text.HAL_FLASH_Program), (178 bytes).
    Removing stm32f1xx_hal_flash.o(.ARM.exidx.text.HAL_FLASH_Program), (8 bytes).
    Removing stm32f1xx_hal_flash.o(.text.FLASH_WaitForLastOperation), (106 bytes).
    Removing stm32f1xx_hal_flash.o(.ARM.exidx.text.FLASH_WaitForLastOperation), (8 bytes).
    Removing stm32f1xx_hal_flash.o(.text.FLASH_Program_HalfWord), (32 bytes).
    Removing stm32f1xx_hal_flash.o(.ARM.exidx.text.FLASH_Program_HalfWord), (8 bytes).
    Removing stm32f1xx_hal_flash.o(.text.HAL_FLASH_Program_IT), (100 bytes).
    Removing stm32f1xx_hal_flash.o(.ARM.exidx.text.HAL_FLASH_Program_IT), (8 bytes).
    Removing stm32f1xx_hal_flash.o(.text.HAL_FLASH_IRQHandler), (288 bytes).
    Removing stm32f1xx_hal_flash.o(.ARM.exidx.text.HAL_FLASH_IRQHandler), (8 bytes).
    Removing stm32f1xx_hal_flash.o(.text.FLASH_SetErrorCode), (80 bytes).
    Removing stm32f1xx_hal_flash.o(.ARM.exidx.text.FLASH_SetErrorCode), (8 bytes).
    Removing stm32f1xx_hal_flash.o(.text.HAL_FLASH_OperationErrorCallback), (2 bytes).
    Removing stm32f1xx_hal_flash.o(.ARM.exidx.text.HAL_FLASH_OperationErrorCallback), (8 bytes).
    Removing stm32f1xx_hal_flash.o(.text.HAL_FLASH_EndOfOperationCallback), (2 bytes).
    Removing stm32f1xx_hal_flash.o(.ARM.exidx.text.HAL_FLASH_EndOfOperationCallback), (8 bytes).
    Removing stm32f1xx_hal_flash.o(.text.HAL_FLASH_Unlock), (46 bytes).
    Removing stm32f1xx_hal_flash.o(.ARM.exidx.text.HAL_FLASH_Unlock), (8 bytes).
    Removing stm32f1xx_hal_flash.o(.text.HAL_FLASH_Lock), (20 bytes).
    Removing stm32f1xx_hal_flash.o(.ARM.exidx.text.HAL_FLASH_Lock), (8 bytes).
    Removing stm32f1xx_hal_flash.o(.text.HAL_FLASH_OB_Unlock), (42 bytes).
    Removing stm32f1xx_hal_flash.o(.ARM.exidx.text.HAL_FLASH_OB_Unlock), (8 bytes).
    Removing stm32f1xx_hal_flash.o(.text.HAL_FLASH_OB_Lock), (20 bytes).
    Removing stm32f1xx_hal_flash.o(.ARM.exidx.text.HAL_FLASH_OB_Lock), (8 bytes).
    Removing stm32f1xx_hal_flash.o(.text.HAL_FLASH_OB_Launch), (8 bytes).
    Removing stm32f1xx_hal_flash.o(.ARM.exidx.text.HAL_FLASH_OB_Launch), (8 bytes).
    Removing stm32f1xx_hal_flash.o(.text.HAL_FLASH_GetError), (12 bytes).
    Removing stm32f1xx_hal_flash.o(.ARM.exidx.text.HAL_FLASH_GetError), (8 bytes).
    Removing stm32f1xx_hal_flash.o(.bss.pFlash), (32 bytes).
    Removing stm32f1xx_hal_flash_ex.o(.text), (0 bytes).
    Removing stm32f1xx_hal_flash_ex.o(.text.HAL_FLASHEx_Erase), (178 bytes).
    Removing stm32f1xx_hal_flash_ex.o(.ARM.exidx.text.HAL_FLASHEx_Erase), (8 bytes).
    Removing stm32f1xx_hal_flash_ex.o(.text.FLASH_MassErase), (38 bytes).
    Removing stm32f1xx_hal_flash_ex.o(.ARM.exidx.text.FLASH_MassErase), (8 bytes).
    Removing stm32f1xx_hal_flash_ex.o(.text.FLASH_PageErase), (40 bytes).
    Removing stm32f1xx_hal_flash_ex.o(.ARM.exidx.text.FLASH_PageErase), (8 bytes).
    Removing stm32f1xx_hal_flash_ex.o(.text.HAL_FLASHEx_Erase_IT), (88 bytes).
    Removing stm32f1xx_hal_flash_ex.o(.ARM.exidx.text.HAL_FLASHEx_Erase_IT), (8 bytes).
    Removing stm32f1xx_hal_flash_ex.o(.text.HAL_FLASHEx_OBErase), (86 bytes).
    Removing stm32f1xx_hal_flash_ex.o(.ARM.exidx.text.HAL_FLASHEx_OBErase), (8 bytes).
    Removing stm32f1xx_hal_flash_ex.o(.text.FLASH_OB_GetRDP), (22 bytes).
    Removing stm32f1xx_hal_flash_ex.o(.ARM.exidx.text.FLASH_OB_GetRDP), (8 bytes).
    Removing stm32f1xx_hal_flash_ex.o(.text.FLASH_OB_RDP_LevelConfig), (110 bytes).
    Removing stm32f1xx_hal_flash_ex.o(.ARM.exidx.text.FLASH_OB_RDP_LevelConfig), (8 bytes).
    Removing stm32f1xx_hal_flash_ex.o(.text.HAL_FLASHEx_OBProgram), (102 bytes).
    Removing stm32f1xx_hal_flash_ex.o(.ARM.exidx.text.HAL_FLASHEx_OBProgram), (8 bytes).
    Removing stm32f1xx_hal_flash_ex.o(.text.FLASH_OB_EnableWRP), (102 bytes).
    Removing stm32f1xx_hal_flash_ex.o(.ARM.exidx.text.FLASH_OB_EnableWRP), (8 bytes).
    Removing stm32f1xx_hal_flash_ex.o(.text.FLASH_OB_DisableWRP), (102 bytes).
    Removing stm32f1xx_hal_flash_ex.o(.ARM.exidx.text.FLASH_OB_DisableWRP), (8 bytes).
    Removing stm32f1xx_hal_flash_ex.o(.text.FLASH_OB_UserConfig), (78 bytes).
    Removing stm32f1xx_hal_flash_ex.o(.ARM.exidx.text.FLASH_OB_UserConfig), (8 bytes).
    Removing stm32f1xx_hal_flash_ex.o(.text.FLASH_OB_ProgramData), (68 bytes).
    Removing stm32f1xx_hal_flash_ex.o(.ARM.exidx.text.FLASH_OB_ProgramData), (8 bytes).
    Removing stm32f1xx_hal_flash_ex.o(.text.HAL_FLASHEx_OBGetConfig), (28 bytes).
    Removing stm32f1xx_hal_flash_ex.o(.ARM.exidx.text.HAL_FLASHEx_OBGetConfig), (8 bytes).
    Removing stm32f1xx_hal_flash_ex.o(.text.FLASH_OB_GetWRP), (12 bytes).
    Removing stm32f1xx_hal_flash_ex.o(.ARM.exidx.text.FLASH_OB_GetWRP), (8 bytes).
    Removing stm32f1xx_hal_flash_ex.o(.text.FLASH_OB_GetUser), (16 bytes).
    Removing stm32f1xx_hal_flash_ex.o(.ARM.exidx.text.FLASH_OB_GetUser), (8 bytes).
    Removing stm32f1xx_hal_flash_ex.o(.text.HAL_FLASHEx_OBGetUserData), (34 bytes).
    Removing stm32f1xx_hal_flash_ex.o(.ARM.exidx.text.HAL_FLASHEx_OBGetUserData), (8 bytes).
    Removing stm32f1xx_hal_exti.o(.text), (0 bytes).
    Removing stm32f1xx_hal_exti.o(.text.HAL_EXTI_SetConfigLine), (180 bytes).
    Removing stm32f1xx_hal_exti.o(.ARM.exidx.text.HAL_EXTI_SetConfigLine), (8 bytes).
    Removing stm32f1xx_hal_exti.o(.text.HAL_EXTI_GetConfigLine), (154 bytes).
    Removing stm32f1xx_hal_exti.o(.ARM.exidx.text.HAL_EXTI_GetConfigLine), (8 bytes).
    Removing stm32f1xx_hal_exti.o(.text.HAL_EXTI_ClearConfigLine), (136 bytes).
    Removing stm32f1xx_hal_exti.o(.ARM.exidx.text.HAL_EXTI_ClearConfigLine), (8 bytes).
    Removing stm32f1xx_hal_exti.o(.text.HAL_EXTI_RegisterCallback), (12 bytes).
    Removing stm32f1xx_hal_exti.o(.ARM.exidx.text.HAL_EXTI_RegisterCallback), (8 bytes).
    Removing stm32f1xx_hal_exti.o(.text.HAL_EXTI_GetHandle), (12 bytes).
    Removing stm32f1xx_hal_exti.o(.ARM.exidx.text.HAL_EXTI_GetHandle), (8 bytes).
    Removing stm32f1xx_hal_exti.o(.text.HAL_EXTI_IRQHandler), (44 bytes).
    Removing stm32f1xx_hal_exti.o(.ARM.exidx.text.HAL_EXTI_IRQHandler), (8 bytes).
    Removing stm32f1xx_hal_exti.o(.text.HAL_EXTI_GetPending), (28 bytes).
    Removing stm32f1xx_hal_exti.o(.ARM.exidx.text.HAL_EXTI_GetPending), (8 bytes).
    Removing stm32f1xx_hal_exti.o(.text.HAL_EXTI_ClearPending), (24 bytes).
    Removing stm32f1xx_hal_exti.o(.ARM.exidx.text.HAL_EXTI_ClearPending), (8 bytes).
    Removing stm32f1xx_hal_exti.o(.text.HAL_EXTI_GenerateSWI), (24 bytes).
    Removing stm32f1xx_hal_exti.o(.ARM.exidx.text.HAL_EXTI_GenerateSWI), (8 bytes).
    Removing system_stm32f1xx.o(.text), (0 bytes).
    Removing system_stm32f1xx.o(.ARM.exidx.text.SystemInit), (8 bytes).
    Removing system_stm32f1xx.o(.text.SystemCoreClockUpdate), (110 bytes).
    Removing system_stm32f1xx.o(.ARM.exidx.text.SystemCoreClockUpdate), (8 bytes).
    Removing easytel.o(.text), (0 bytes).
    Removing easytel.o(.ARM.exidx.text.EasyTelPoint_Constructor), (8 bytes).
    Removing easytel.o(.ARM.exidx.text.EasyTel_start), (8 bytes).
    Removing easytel.o(.ARM.exidx.text.SimpleDPPRecvCallback), (8 bytes).
    Removing easytel.o(.ARM.exidx.text.SimpleDPPRevErrorCallback), (8 bytes).
    Removing easytel.o(.text.EsayTelPoint_Destructor), (8 bytes).
    Removing easytel.o(.ARM.exidx.text.EsayTelPoint_Destructor), (8 bytes).
    Removing easytel.o(.ARM.exidx.text.registerCmdCallback), (8 bytes).
    Removing easytel.o(.ARM.exidx.text.EasyTel_send), (8 bytes).
    Removing easytel.o(.text.EasyTel_stop), (8 bytes).
    Removing easytel.o(.ARM.exidx.text.EasyTel_stop), (8 bytes).
    Removing easytel.o(.text.EasyTel_isRunning), (12 bytes).
    Removing easytel.o(.ARM.exidx.text.EasyTel_isRunning), (8 bytes).
    Removing easytel.o(.text.EasyTel_foundPoint), (4 bytes).
    Removing easytel.o(.ARM.exidx.text.EasyTel_foundPoint), (8 bytes).
    Removing easytel.o(.text.EasyTel_AsMaster_FindPeer_Thread), (62 bytes).
    Removing easytel.o(.ARM.exidx.text.EasyTel_AsMaster_FindPeer_Thread), (8 bytes).
    Removing easytel.o(.text.EasyTel_AsMaster_FindPeer_ScanMeta), (42 bytes).
    Removing easytel.o(.ARM.exidx.text.EasyTel_AsMaster_FindPeer_ScanMeta), (8 bytes).
    Removing simpledpp.o(.text), (0 bytes).
    Removing simpledpp.o(.ARM.exidx.text.SimpleDPP_Constructor), (8 bytes).
    Removing simpledpp.o(.text.getSimpleDPPErrorCnt), (4 bytes).
    Removing simpledpp.o(.ARM.exidx.text.getSimpleDPPErrorCnt), (8 bytes).
    Removing simpledpp.o(.ARM.exidx.text.SimpleDPP_send_datas_start), (8 bytes).
    Removing simpledpp.o(.text.SimpleDPP_send_datas_add), (88 bytes).
    Removing simpledpp.o(.ARM.exidx.text.SimpleDPP_send_datas_add), (8 bytes).
    Removing simpledpp.o(.ARM.exidx.text.SimpleDPP_send_datas_end), (8 bytes).
    Removing simpledpp.o(.ARM.exidx.text.SimpleDPP_send_buffer), (8 bytes).
    Removing simpledpp.o(.text.SimpleDPP_send), (150 bytes).
    Removing simpledpp.o(.ARM.exidx.text.SimpleDPP_send), (8 bytes).
    Removing simpledpp.o(.ARM.exidx.text.__SimpleDPP_send_datas), (8 bytes).
    Removing simpledpp.o(.ARM.exidx.text.SimpleDPP_parse), (8 bytes).
    Removing simpledpp.o(.ARM.exidx.text.SimpleDPPRevErrorInnerCallback), (8 bytes).
    Removing simpledpp.o(.ARM.exidx.text.SimpleDPPRecvInnerCallback), (8 bytes).
    Removing bytebuffer.o(.text), (0 bytes).
    Removing bytebuffer.o(.ARM.exidx.text.byte_buffer_setmemory), (8 bytes).
    Removing bytebuffer.o(.ARM.exidx.text.byte_buffer_size), (8 bytes).
    Removing bytebuffer.o(.text.byte_buffer_capacity), (4 bytes).
    Removing bytebuffer.o(.ARM.exidx.text.byte_buffer_capacity), (8 bytes).
    Removing bytebuffer.o(.ARM.exidx.text.byte_buffer_push), (8 bytes).
    Removing bytebuffer.o(.text.byte_buffer_push_str), (48 bytes).
    Removing bytebuffer.o(.ARM.exidx.text.byte_buffer_push_str), (8 bytes).
    Removing bytebuffer.o(.text.byte_buffer_push_data), (50 bytes).
    Removing bytebuffer.o(.ARM.exidx.text.byte_buffer_push_data), (8 bytes).
    Removing bytebuffer.o(.ARM.exidx.text.byte_buffer_clear), (8 bytes).
    Removing bytesutil.o(.text), (0 bytes).
    Removing bytesutil.o(.text.getEndian), (10 bytes).
    Removing bytesutil.o(.ARM.exidx.text.getEndian), (8 bytes).
    Removing bytesutil.o(.ARM.exidx.text.getSelfEndian), (8 bytes).
    Removing bytesutil.o(.text.bytes2floatr), (14 bytes).
    Removing bytesutil.o(.ARM.exidx.text.bytes2floatr), (8 bytes).
    Removing bytesutil.o(.text.bytes2doubler), (20 bytes).
    Removing bytesutil.o(.ARM.exidx.text.bytes2doubler), (8 bytes).
    Removing bytesutil.o(.text.bytes2int16r), (22 bytes).
    Removing bytesutil.o(.ARM.exidx.text.bytes2int16r), (8 bytes).
    Removing bytesutil.o(.text.bytes2int32r), (40 bytes).
    Removing bytesutil.o(.ARM.exidx.text.bytes2int32r), (8 bytes).
    Removing bytesutil.o(.text.bytes2int64r), (96 bytes).
    Removing bytesutil.o(.ARM.exidx.text.bytes2int64r), (8 bytes).
    Removing bytesutil.o(.text.bytes2floatp), (48 bytes).
    Removing bytesutil.o(.ARM.exidx.text.bytes2floatp), (8 bytes).
    Removing bytesutil.o(.text.bytes2doublep), (100 bytes).
    Removing bytesutil.o(.ARM.exidx.text.bytes2doublep), (8 bytes).
    Removing bytesutil.o(.text.bytes2int16p), (18 bytes).
    Removing bytesutil.o(.ARM.exidx.text.bytes2int16p), (8 bytes).
    Removing bytesutil.o(.text.bytes2int32p), (26 bytes).
    Removing bytesutil.o(.ARM.exidx.text.bytes2int32p), (8 bytes).
    Removing bytesutil.o(.text.bytes2int64p), (62 bytes).
    Removing bytesutil.o(.ARM.exidx.text.bytes2int64p), (8 bytes).
    Removing bytesutil.o(.text.reverse2bytes), (10 bytes).
    Removing bytesutil.o(.ARM.exidx.text.reverse2bytes), (8 bytes).
    Removing bytesutil.o(.text.reverse4bytes), (18 bytes).
    Removing bytesutil.o(.ARM.exidx.text.reverse4bytes), (8 bytes).
    Removing bytesutil.o(.text.reverse8bytes), (34 bytes).
    Removing bytesutil.o(.ARM.exidx.text.reverse8bytes), (8 bytes).
    Removing bytesutil.o(.text.reverseNbytes), (24 bytes).
    Removing bytesutil.o(.ARM.exidx.text.reverseNbytes), (8 bytes).
    Removing bytesutil.o(.text.float2bytes), (10 bytes).
    Removing bytesutil.o(.ARM.exidx.text.float2bytes), (8 bytes).
    Removing bytesutil.o(.text.double2bytes), (40 bytes).
    Removing bytesutil.o(.ARM.exidx.text.double2bytes), (8 bytes).
    Removing bytesutil.o(.text.int162bytes), (12 bytes).
    Removing bytesutil.o(.ARM.exidx.text.int162bytes), (8 bytes).
    Removing bytesutil.o(.text.int322bytes), (10 bytes).
    Removing bytesutil.o(.ARM.exidx.text.int322bytes), (8 bytes).
    Removing bytesutil.o(.text.int642bytes), (50 bytes).
    Removing bytesutil.o(.ARM.exidx.text.int642bytes), (8 bytes).
    Removing bytesutil.o(.text.bit_reverse8), (38 bytes).
    Removing bytesutil.o(.ARM.exidx.text.bit_reverse8), (8 bytes).
    Removing bytesutil.o(.text.bit_reverse16), (66 bytes).
    Removing bytesutil.o(.ARM.exidx.text.bit_reverse16), (8 bytes).
    Removing bytesutil.o(.text.bit_reverse32), (58 bytes).
    Removing bytesutil.o(.ARM.exidx.text.bit_reverse32), (8 bytes).
    Removing bytesutil.o(.text.bit_reverse64), (94 bytes).
    Removing bytesutil.o(.ARM.exidx.text.bit_reverse64), (8 bytes).
    Removing retarget_io.o(.text), (0 bytes).
    Removing retarget_io.o(.ARM.exidx.text.fputc), (8 bytes).
    Removing retarget_io.o(.ARM.exidx.text.stdout_putchar), (8 bytes).
    Removing retarget_io.o(.text.fgetc), (6 bytes).
    Removing retarget_io.o(.ARM.exidx.text.fgetc), (8 bytes).
    Removing retarget_io.o(.text.__backspace), (6 bytes).
    Removing retarget_io.o(.ARM.exidx.text.__backspace), (8 bytes).
    Removing retarget_io.o(.text.__aeabi_assert), (180 bytes).
    Removing retarget_io.o(.ARM.exidx.text.__aeabi_assert), (8 bytes).
    Removing retarget_io.o(.text.abort), (2 bytes).
    Removing retarget_io.o(.ARM.exidx.text.abort), (8 bytes).
    Removing eventrecorder.o(.text), (0 bytes).
    Removing eventrecorder.o(.ARM.exidx.text.EventRecorderTimerSetup), (8 bytes).
    Removing eventrecorder.o(.ARM.exidx.text.EventRecorderTimerGetFreq), (8 bytes).
    Removing eventrecorder.o(.ARM.exidx.text.EventRecorderTimerGetCount), (8 bytes).
    Removing eventrecorder.o(.ARM.exidx.text.EventRecorderInitialize), (8 bytes).
    Removing eventrecorder.o(.ARM.exidx.text.crc16_ccitt), (8 bytes).
    Removing eventrecorder.o(.ARM.exidx.text.EventRecorderEnable), (8 bytes).
    Removing eventrecorder.o(.ARM.exidx.text.EventGetTS), (8 bytes).
    Removing eventrecorder.o(.ARM.exidx.text.EventRecordItem), (8 bytes).
    Removing eventrecorder.o(.ARM.exidx.text.EventRecorderStart), (8 bytes).
    Removing eventrecorder.o(.text.EventRecorderDisable), (108 bytes).
    Removing eventrecorder.o(.ARM.exidx.text.EventRecorderDisable), (8 bytes).
    Removing eventrecorder.o(.text.EventRecorderStop), (44 bytes).
    Removing eventrecorder.o(.ARM.exidx.text.EventRecorderStop), (8 bytes).
    Removing eventrecorder.o(.text.EventRecorderClockUpdate), (42 bytes).
    Removing eventrecorder.o(.ARM.exidx.text.EventRecorderClockUpdate), (8 bytes).
    Removing eventrecorder.o(.ARM.exidx.text.EventRecordData), (8 bytes).
    Removing eventrecorder.o(.ARM.exidx.text.EventCheckFilter), (8 bytes).
    Removing eventrecorder.o(.ARM.exidx.text.GetContext), (8 bytes).
    Removing eventrecorder.o(.text.EventRecord2), (54 bytes).
    Removing eventrecorder.o(.ARM.exidx.text.EventRecord2), (8 bytes).
    Removing eventrecorder.o(.text.EventRecord4), (104 bytes).
    Removing eventrecorder.o(.ARM.exidx.text.EventRecord4), (8 bytes).
    Removing eventrecorder.o(.ARM.exidx.text.UpdateTS), (8 bytes).
    Removing eventrecorder.o(.ARM.exidx.text.IncrementOverflowTS), (8 bytes).
    Removing eventrecorder.o(.ARM.exidx.text.atomic_xch32), (8 bytes).
    Removing eventrecorder.o(.ARM.exidx.text.atomic_inc32), (8 bytes).
    Removing eventrecorder.o(.ARM.exidx.text.GetRecordIndex), (8 bytes).
    Removing eventrecorder.o(.ARM.exidx.text.LockRecord), (8 bytes).
    Removing eventrecorder.o(.ARM.exidx.text.UnlockRecord), (8 bytes).
    Removing eventrecorder.o(.ARM.exidx.text.IncrementRecordsWritten), (8 bytes).
    Removing eventrecorder.o(.ARM.exidx.text.IncrementRecordsDumped), (8 bytes).
    Removing eventrecorder.o(.ARM.exidx.text.atomic_inc8), (8 bytes).
    Removing ffltui.o(.text), (10 bytes).
    Removing dfltui.o(.text), (26 bytes).
    Removing fepilogue.o(.text), (110 bytes).
    Removing depilogue.o(.text), (186 bytes).

584 unused section(s) (total 16134 bytes) removed from the image.

==============================================================================

Image Symbol Table

    Local Symbols

    Symbol Name                              Value     Ov Type        Size  Object(Section)

    ../clib/microlib/init/entry.s            0x00000000   Number         0  entry.o ABSOLUTE
    ../clib/microlib/init/entry.s            0x00000000   Number         0  entry2.o ABSOLUTE
    ../clib/microlib/init/entry.s            0x00000000   Number         0  entry5.o ABSOLUTE
    ../clib/microlib/init/entry.s            0x00000000   Number         0  entry7a.o ABSOLUTE
    ../clib/microlib/init/entry.s            0x00000000   Number         0  entry7b.o ABSOLUTE
    ../clib/microlib/init/entry.s            0x00000000   Number         0  entry8a.o ABSOLUTE
    ../clib/microlib/init/entry.s            0x00000000   Number         0  entry8b.o ABSOLUTE
    ../clib/microlib/init/entry.s            0x00000000   Number         0  entry9a.o ABSOLUTE
    ../clib/microlib/init/entry.s            0x00000000   Number         0  entry9b.o ABSOLUTE
    ../clib/microlib/init/entry.s            0x00000000   Number         0  entry10a.o ABSOLUTE
    ../clib/microlib/init/entry.s            0x00000000   Number         0  entry10b.o ABSOLUTE
    ../clib/microlib/init/entry.s            0x00000000   Number         0  entry11a.o ABSOLUTE
    ../clib/microlib/init/entry.s            0x00000000   Number         0  entry11b.o ABSOLUTE
    ../clib/microlib/longlong.c              0x00000000   Number         0  llshl.o ABSOLUTE
    ../clib/microlib/longlong.c              0x00000000   Number         0  llushr.o ABSOLUTE
    ../clib/microlib/stdio/fputs.c           0x00000000   Number         0  fputs.o ABSOLUTE
    ../clib/microlib/stdio/fputs.c           0x00000000   Number         0  fputs_e.o ABSOLUTE
    ../clib/microlib/stdio/fwrite.c          0x00000000   Number         0  fwrite.o ABSOLUTE
    ../clib/microlib/stdio/fwrite.c          0x00000000   Number         0  fwrite_e.o ABSOLUTE
    ../clib/microlib/stdio/puts.c            0x00000000   Number         0  puts.o ABSOLUTE
    ../clib/microlib/stdio/puts.c            0x00000000   Number         0  puts_e.o ABSOLUTE
    ../clib/microlib/stdio/streams.c         0x00000000   Number         0  stdout.o ABSOLUTE
    ../clib/microlib/stdio/streams.c         0x00000000   Number         0  stderr.o ABSOLUTE
    ../clib/microlib/string/memcpy.c         0x00000000   Number         0  memcpya.o ABSOLUTE
    ../clib/microlib/string/memcpy.c         0x00000000   Number         0  memcpyb.o ABSOLUTE
    ../clib/microlib/string/memset.c         0x00000000   Number         0  memseta.o ABSOLUTE
    ../clib/microlib/stubs.s                 0x00000000   Number         0  iusefp.o ABSOLUTE
    ../fplib/microlib/fpepilogue.c           0x00000000   Number         0  fepilogue.o ABSOLUTE
    ../fplib/microlib/fpepilogue.c           0x00000000   Number         0  depilogue.o ABSOLUTE
    ../fplib/microlib/fpflt.c                0x00000000   Number         0  ffltui.o ABSOLUTE
    ../fplib/microlib/fpflt.c                0x00000000   Number         0  dfltui.o ABSOLUTE
    ByteBuffer.c                             0x00000000   Number         0  bytebuffer.o ABSOLUTE
    BytesUtil.c                              0x00000000   Number         0  bytesutil.o ABSOLUTE
    EasyTel.c                                0x00000000   Number         0  easytel.o ABSOLUTE
    EventRecorder.c                          0x00000000   Number         0  eventrecorder.o ABSOLUTE
    SimpleDPP.c                              0x00000000   Number         0  simpledpp.o ABSOLUTE
    dc.s                                     0x00000000   Number         0  dc.o ABSOLUTE
    gpio.c                                   0x00000000   Number         0  gpio.o ABSOLUTE
    handlers.s                               0x00000000   Number         0  handlers.o ABSOLUTE
    init.s                                   0x00000000   Number         0  init.o ABSOLUTE
    main.c                                   0x00000000   Number         0  main.o ABSOLUTE
    retarget_io.c                            0x00000000   Number         0  retarget_io.o ABSOLUTE
    startup_stm32f103x6.s                    0x00000000   Number         0  startup_stm32f103x6.o ABSOLUTE
    stm32f1xx_hal.c                          0x00000000   Number         0  stm32f1xx_hal.o ABSOLUTE
    stm32f1xx_hal_cortex.c                   0x00000000   Number         0  stm32f1xx_hal_cortex.o ABSOLUTE
    stm32f1xx_hal_dma.c                      0x00000000   Number         0  stm32f1xx_hal_dma.o ABSOLUTE
    stm32f1xx_hal_exti.c                     0x00000000   Number         0  stm32f1xx_hal_exti.o ABSOLUTE
    stm32f1xx_hal_flash.c                    0x00000000   Number         0  stm32f1xx_hal_flash.o ABSOLUTE
    stm32f1xx_hal_flash_ex.c                 0x00000000   Number         0  stm32f1xx_hal_flash_ex.o ABSOLUTE
    stm32f1xx_hal_gpio.c                     0x00000000   Number         0  stm32f1xx_hal_gpio.o ABSOLUTE
    stm32f1xx_hal_gpio_ex.c                  0x00000000   Number         0  stm32f1xx_hal_gpio_ex.o ABSOLUTE
    stm32f1xx_hal_msp.c                      0x00000000   Number         0  stm32f1xx_hal_msp.o ABSOLUTE
    stm32f1xx_hal_pwr.c                      0x00000000   Number         0  stm32f1xx_hal_pwr.o ABSOLUTE
    stm32f1xx_hal_rcc.c                      0x00000000   Number         0  stm32f1xx_hal_rcc.o ABSOLUTE
    stm32f1xx_hal_rcc_ex.c                   0x00000000   Number         0  stm32f1xx_hal_rcc_ex.o ABSOLUTE
    stm32f1xx_hal_tim.c                      0x00000000   Number         0  stm32f1xx_hal_tim.o ABSOLUTE
    stm32f1xx_hal_tim_ex.c                   0x00000000   Number         0  stm32f1xx_hal_tim_ex.o ABSOLUTE
    stm32f1xx_hal_uart.c                     0x00000000   Number         0  stm32f1xx_hal_uart.o ABSOLUTE
    stm32f1xx_it.c                           0x00000000   Number         0  stm32f1xx_it.o ABSOLUTE
    system_stm32f1xx.c                       0x00000000   Number         0  system_stm32f1xx.o ABSOLUTE
    usart.c                                  0x00000000   Number         0  usart.o ABSOLUTE
    RESET                                    0x08000000   Section      236  startup_stm32f103x6.o(RESET)
    .ARM.Collect$$$$00000000                 0x080000ec   Section        0  entry.o(.ARM.Collect$$$$00000000)
    .ARM.Collect$$$$00000001                 0x080000ec   Section        4  entry2.o(.ARM.Collect$$$$00000001)
    .ARM.Collect$$$$00000004                 0x080000f0   Section        4  entry5.o(.ARM.Collect$$$$00000004)
    .ARM.Collect$$$$00000008                 0x080000f4   Section        0  entry7b.o(.ARM.Collect$$$$00000008)
    .ARM.Collect$$$$0000000A                 0x080000f4   Section        0  entry8b.o(.ARM.Collect$$$$0000000A)
    .ARM.Collect$$$$0000000B                 0x080000f4   Section        8  entry9a.o(.ARM.Collect$$$$0000000B)
    __lit__00000000                          0x080000fc   Data           4  entry2.o(.ARM.Collect$$$$00002712)
    .ARM.Collect$$$$0000000D                 0x080000fc   Section        0  entry10a.o(.ARM.Collect$$$$0000000D)
    .ARM.Collect$$$$0000000F                 0x080000fc   Section        0  entry11a.o(.ARM.Collect$$$$0000000F)
    .ARM.Collect$$$$00002712                 0x080000fc   Section        4  entry2.o(.ARM.Collect$$$$00002712)
    .text                                    0x08000100   Section       36  startup_stm32f103x6.o(.text)
    .text                                    0x08000124   Section        0  memcpya.o(.text)
    .text                                    0x08000148   Section        0  memseta.o(.text)
    .text                                    0x0800016c   Section       36  init.o(.text)
    [Anonymous Symbol]                       0x08000190   Section        0  stm32f1xx_it.o(.text.BusFault_Handler)
    [Anonymous Symbol]                       0x08000194   Section        0  stm32f1xx_it.o(.text.DebugMon_Handler)
    [Anonymous Symbol]                       0x08000198   Section        0  easytel.o(.text.EasyTelPoint_Constructor)
    [Anonymous Symbol]                       0x080001fc   Section        0  easytel.o(.text.EasyTel_send)
    [Anonymous Symbol]                       0x0800022c   Section        0  easytel.o(.text.EasyTel_start)
    [Anonymous Symbol]                       0x08000234   Section        0  main.o(.text.Error_Handler)
    EventCheckFilter                         0x08000241   Thumb Code    46  eventrecorder.o(.text.EventCheckFilter)
    [Anonymous Symbol]                       0x08000240   Section        0  eventrecorder.o(.text.EventCheckFilter)
    EventGetTS                               0x08000271   Thumb Code    40  eventrecorder.o(.text.EventGetTS)
    [Anonymous Symbol]                       0x08000270   Section        0  eventrecorder.o(.text.EventGetTS)
    [Anonymous Symbol]                       0x08000298   Section        0  eventrecorder.o(.text.EventRecordData)
    EventRecordItem                          0x080003ad   Thumb Code   172  eventrecorder.o(.text.EventRecordItem)
    [Anonymous Symbol]                       0x080003ac   Section        0  eventrecorder.o(.text.EventRecordItem)
    [Anonymous Symbol]                       0x08000458   Section        0  eventrecorder.o(.text.EventRecorderEnable)
    [Anonymous Symbol]                       0x080004c4   Section        0  eventrecorder.o(.text.EventRecorderInitialize)
    [Anonymous Symbol]                       0x080005b4   Section        0  eventrecorder.o(.text.EventRecorderStart)
    [Anonymous Symbol]                       0x080005e4   Section        0  eventrecorder.o(.text.EventRecorderTimerGetCount)
    [Anonymous Symbol]                       0x080005f0   Section        0  eventrecorder.o(.text.EventRecorderTimerGetFreq)
    [Anonymous Symbol]                       0x080005fc   Section        0  eventrecorder.o(.text.EventRecorderTimerSetup)
    GetContext                               0x08000621   Thumb Code     8  eventrecorder.o(.text.GetContext)
    [Anonymous Symbol]                       0x08000620   Section        0  eventrecorder.o(.text.GetContext)
    GetRecordIndex                           0x08000629   Thumb Code    18  eventrecorder.o(.text.GetRecordIndex)
    [Anonymous Symbol]                       0x08000628   Section        0  eventrecorder.o(.text.GetRecordIndex)
    [Anonymous Symbol]                       0x0800063c   Section        0  stm32f1xx_hal_dma.o(.text.HAL_DMA_Abort)
    [Anonymous Symbol]                       0x0800067c   Section        0  stm32f1xx_hal_dma.o(.text.HAL_DMA_Abort_IT)
    [Anonymous Symbol]                       0x08000720   Section        0  stm32f1xx_hal_gpio.o(.text.HAL_GPIO_Init)
    [Anonymous Symbol]                       0x08000908   Section        0  stm32f1xx_hal.o(.text.HAL_GetTick)
    [Anonymous Symbol]                       0x08000914   Section        0  stm32f1xx_hal.o(.text.HAL_IncTick)
    [Anonymous Symbol]                       0x08000930   Section        0  stm32f1xx_hal.o(.text.HAL_Init)
    [Anonymous Symbol]                       0x08000958   Section        0  stm32f1xx_hal.o(.text.HAL_InitTick)
    [Anonymous Symbol]                       0x080009a8   Section        0  stm32f1xx_hal_msp.o(.text.HAL_MspInit)
    [Anonymous Symbol]                       0x080009ec   Section        0  stm32f1xx_hal_cortex.o(.text.HAL_NVIC_EnableIRQ)
    [Anonymous Symbol]                       0x080009f4   Section        0  stm32f1xx_hal_cortex.o(.text.HAL_NVIC_SetPriority)
    [Anonymous Symbol]                       0x08000a14   Section        0  stm32f1xx_hal_cortex.o(.text.HAL_NVIC_SetPriorityGrouping)
    [Anonymous Symbol]                       0x08000a1c   Section        0  stm32f1xx_hal_rcc.o(.text.HAL_RCC_ClockConfig)
    [Anonymous Symbol]                       0x08000b90   Section        0  stm32f1xx_hal_rcc.o(.text.HAL_RCC_GetHCLKFreq)
    [Anonymous Symbol]                       0x08000b9c   Section        0  stm32f1xx_hal_rcc.o(.text.HAL_RCC_GetPCLK1Freq)
    [Anonymous Symbol]                       0x08000bc0   Section        0  stm32f1xx_hal_rcc.o(.text.HAL_RCC_GetPCLK2Freq)
    [Anonymous Symbol]                       0x08000be4   Section        0  stm32f1xx_hal_rcc.o(.text.HAL_RCC_GetSysClockFreq)
    [Anonymous Symbol]                       0x08000c44   Section        0  stm32f1xx_hal_rcc.o(.text.HAL_RCC_OscConfig)
    [Anonymous Symbol]                       0x08000f50   Section        0  stm32f1xx_hal_cortex.o(.text.HAL_SYSTICK_Config)
    [Anonymous Symbol]                       0x08000f58   Section        0  stm32f1xx_hal_uart.o(.text.HAL_UARTEx_RxEventCallback)
    [Anonymous Symbol]                       0x08000f5c   Section        0  stm32f1xx_hal_uart.o(.text.HAL_UART_ErrorCallback)
    [Anonymous Symbol]                       0x08000f60   Section        0  stm32f1xx_hal_uart.o(.text.HAL_UART_IRQHandler)
    [Anonymous Symbol]                       0x08001130   Section        0  stm32f1xx_hal_uart.o(.text.HAL_UART_Init)
    [Anonymous Symbol]                       0x08001190   Section        0  usart.o(.text.HAL_UART_MspInit)
    [Anonymous Symbol]                       0x08001220   Section        0  stm32f1xx_hal_uart.o(.text.HAL_UART_Receive_IT)
    [Anonymous Symbol]                       0x08001258   Section        0  main.o(.text.HAL_UART_RxCpltCallback)
    [Anonymous Symbol]                       0x08001288   Section        0  stm32f1xx_hal_uart.o(.text.HAL_UART_TxCpltCallback)
    [Anonymous Symbol]                       0x0800128c   Section        0  stm32f1xx_it.o(.text.HardFault_Handler)
    IncrementOverflowTS                      0x08001291   Thumb Code    18  eventrecorder.o(.text.IncrementOverflowTS)
    [Anonymous Symbol]                       0x08001290   Section        0  eventrecorder.o(.text.IncrementOverflowTS)
    IncrementRecordsDumped                   0x080012a5   Thumb Code    18  eventrecorder.o(.text.IncrementRecordsDumped)
    [Anonymous Symbol]                       0x080012a4   Section        0  eventrecorder.o(.text.IncrementRecordsDumped)
    IncrementRecordsWritten                  0x080012b9   Thumb Code    18  eventrecorder.o(.text.IncrementRecordsWritten)
    [Anonymous Symbol]                       0x080012b8   Section        0  eventrecorder.o(.text.IncrementRecordsWritten)
    LockRecord                               0x080012cd   Thumb Code    36  eventrecorder.o(.text.LockRecord)
    [Anonymous Symbol]                       0x080012cc   Section        0  eventrecorder.o(.text.LockRecord)
    [Anonymous Symbol]                       0x080012f0   Section        0  gpio.o(.text.MX_GPIO_Init)
    [Anonymous Symbol]                       0x08001324   Section        0  usart.o(.text.MX_USART1_UART_Init)
    [Anonymous Symbol]                       0x0800135c   Section        0  stm32f1xx_it.o(.text.MemManage_Handler)
    [Anonymous Symbol]                       0x08001360   Section        0  stm32f1xx_it.o(.text.NMI_Handler)
    NVIC_EncodePriority                      0x08001365   Thumb Code    44  stm32f1xx_hal_cortex.o(.text.NVIC_EncodePriority)
    [Anonymous Symbol]                       0x08001364   Section        0  stm32f1xx_hal_cortex.o(.text.NVIC_EncodePriority)
    [Anonymous Symbol]                       0x08001390   Section        0  stm32f1xx_it.o(.text.PendSV_Handler)
    RCC_Delay                                0x08001395   Thumb Code    44  stm32f1xx_hal_rcc.o(.text.RCC_Delay)
    [Anonymous Symbol]                       0x08001394   Section        0  stm32f1xx_hal_rcc.o(.text.RCC_Delay)
    [Anonymous Symbol]                       0x080013c0   Section        0  stm32f1xx_it.o(.text.SVC_Handler)
    SimpleDPPRecvCallback                    0x080013c5   Thumb Code   114  easytel.o(.text.SimpleDPPRecvCallback)
    [Anonymous Symbol]                       0x080013c4   Section        0  easytel.o(.text.SimpleDPPRecvCallback)
    SimpleDPPRecvInnerCallback               0x08001439   Thumb Code    26  simpledpp.o(.text.SimpleDPPRecvInnerCallback)
    [Anonymous Symbol]                       0x08001438   Section        0  simpledpp.o(.text.SimpleDPPRecvInnerCallback)
    SimpleDPPRevErrorCallback                0x08001455   Thumb Code     2  easytel.o(.text.SimpleDPPRevErrorCallback)
    [Anonymous Symbol]                       0x08001454   Section        0  easytel.o(.text.SimpleDPPRevErrorCallback)
    SimpleDPPRevErrorInnerCallback           0x08001459   Thumb Code    28  simpledpp.o(.text.SimpleDPPRevErrorInnerCallback)
    [Anonymous Symbol]                       0x08001458   Section        0  simpledpp.o(.text.SimpleDPPRevErrorInnerCallback)
    [Anonymous Symbol]                       0x08001474   Section        0  simpledpp.o(.text.SimpleDPP_Constructor)
    [Anonymous Symbol]                       0x080014b0   Section        0  simpledpp.o(.text.SimpleDPP_parse)
    [Anonymous Symbol]                       0x0800154c   Section        0  main.o(.text.SimpleDPP_putchar)
    SimpleDPP_send_buffer                    0x08001561   Thumb Code    38  simpledpp.o(.text.SimpleDPP_send_buffer)
    [Anonymous Symbol]                       0x08001560   Section        0  simpledpp.o(.text.SimpleDPP_send_buffer)
    [Anonymous Symbol]                       0x08001588   Section        0  simpledpp.o(.text.SimpleDPP_send_datas_end)
    [Anonymous Symbol]                       0x080015ac   Section        0  simpledpp.o(.text.SimpleDPP_send_datas_start)
    SysTick_Config                           0x080015cd   Thumb Code    46  stm32f1xx_hal_cortex.o(.text.SysTick_Config)
    [Anonymous Symbol]                       0x080015cc   Section        0  stm32f1xx_hal_cortex.o(.text.SysTick_Config)
    [Anonymous Symbol]                       0x080015fc   Section        0  stm32f1xx_it.o(.text.SysTick_Handler)
    [Anonymous Symbol]                       0x08001604   Section        0  main.o(.text.SystemClock_Config)
    [Anonymous Symbol]                       0x08001664   Section        0  system_stm32f1xx.o(.text.SystemInit)
    UART_DMAAbortOnError                     0x08001669   Thumb Code    16  stm32f1xx_hal_uart.o(.text.UART_DMAAbortOnError)
    [Anonymous Symbol]                       0x08001668   Section        0  stm32f1xx_hal_uart.o(.text.UART_DMAAbortOnError)
    UART_EndRxTransfer                       0x08001679   Thumb Code    44  stm32f1xx_hal_uart.o(.text.UART_EndRxTransfer)
    [Anonymous Symbol]                       0x08001678   Section        0  stm32f1xx_hal_uart.o(.text.UART_EndRxTransfer)
    UART_EndTransmit_IT                      0x080016a5   Thumb Code    24  stm32f1xx_hal_uart.o(.text.UART_EndTransmit_IT)
    [Anonymous Symbol]                       0x080016a4   Section        0  stm32f1xx_hal_uart.o(.text.UART_EndTransmit_IT)
    UART_Receive_IT                          0x080016bd   Thumb Code   180  stm32f1xx_hal_uart.o(.text.UART_Receive_IT)
    [Anonymous Symbol]                       0x080016bc   Section        0  stm32f1xx_hal_uart.o(.text.UART_Receive_IT)
    UART_SetConfig                           0x08001771   Thumb Code   142  stm32f1xx_hal_uart.o(.text.UART_SetConfig)
    [Anonymous Symbol]                       0x08001770   Section        0  stm32f1xx_hal_uart.o(.text.UART_SetConfig)
    [Anonymous Symbol]                       0x08001800   Section        0  stm32f1xx_hal_uart.o(.text.UART_Start_Receive_IT)
    UART_Transmit_IT                         0x08001835   Thumb Code    82  stm32f1xx_hal_uart.o(.text.UART_Transmit_IT)
    [Anonymous Symbol]                       0x08001834   Section        0  stm32f1xx_hal_uart.o(.text.UART_Transmit_IT)
    [Anonymous Symbol]                       0x08001888   Section        0  stm32f1xx_it.o(.text.USART1_IRQHandler)
    UnlockRecord                             0x08001899   Thumb Code    32  eventrecorder.o(.text.UnlockRecord)
    [Anonymous Symbol]                       0x08001898   Section        0  eventrecorder.o(.text.UnlockRecord)
    UpdateTS                                 0x080018b9   Thumb Code     8  eventrecorder.o(.text.UpdateTS)
    [Anonymous Symbol]                       0x080018b8   Section        0  eventrecorder.o(.text.UpdateTS)
    [Anonymous Symbol]                       0x080018c0   Section        0  stm32f1xx_it.o(.text.UsageFault_Handler)
    __NVIC_EnableIRQ                         0x080018c5   Thumb Code    32  stm32f1xx_hal_cortex.o(.text.__NVIC_EnableIRQ)
    [Anonymous Symbol]                       0x080018c4   Section        0  stm32f1xx_hal_cortex.o(.text.__NVIC_EnableIRQ)
    __NVIC_GetPriorityGrouping               0x080018e5   Thumb Code    16  stm32f1xx_hal_cortex.o(.text.__NVIC_GetPriorityGrouping)
    [Anonymous Symbol]                       0x080018e4   Section        0  stm32f1xx_hal_cortex.o(.text.__NVIC_GetPriorityGrouping)
    __NVIC_SetPriority                       0x080018f5   Thumb Code    34  stm32f1xx_hal_cortex.o(.text.__NVIC_SetPriority)
    [Anonymous Symbol]                       0x080018f4   Section        0  stm32f1xx_hal_cortex.o(.text.__NVIC_SetPriority)
    __NVIC_SetPriorityGrouping               0x08001919   Thumb Code    32  stm32f1xx_hal_cortex.o(.text.__NVIC_SetPriorityGrouping)
    [Anonymous Symbol]                       0x08001918   Section        0  stm32f1xx_hal_cortex.o(.text.__NVIC_SetPriorityGrouping)
    [Anonymous Symbol]                       0x08001938   Section        0  simpledpp.o(.text.__SimpleDPP_send_datas)
    atomic_inc32                             0x080019d5   Thumb Code    18  eventrecorder.o(.text.atomic_inc32)
    [Anonymous Symbol]                       0x080019d4   Section        0  eventrecorder.o(.text.atomic_inc32)
    atomic_inc8                              0x080019e9   Thumb Code    28  eventrecorder.o(.text.atomic_inc8)
    [Anonymous Symbol]                       0x080019e8   Section        0  eventrecorder.o(.text.atomic_inc8)
    atomic_xch32                             0x08001a05   Thumb Code    28  eventrecorder.o(.text.atomic_xch32)
    [Anonymous Symbol]                       0x08001a04   Section        0  eventrecorder.o(.text.atomic_xch32)
    [Anonymous Symbol]                       0x08001a20   Section        0  bytebuffer.o(.text.byte_buffer_clear)
    [Anonymous Symbol]                       0x08001a28   Section        0  bytebuffer.o(.text.byte_buffer_push)
    [Anonymous Symbol]                       0x08001a48   Section        0  bytebuffer.o(.text.byte_buffer_setmemory)
    [Anonymous Symbol]                       0x08001a54   Section        0  bytebuffer.o(.text.byte_buffer_size)
    crc16_ccitt                              0x08001a59   Thumb Code    72  eventrecorder.o(.text.crc16_ccitt)
    [Anonymous Symbol]                       0x08001a58   Section        0  eventrecorder.o(.text.crc16_ccitt)
    [Anonymous Symbol]                       0x08001aa0   Section        0  retarget_io.o(.text.fputc)
    [Anonymous Symbol]                       0x08001abc   Section        0  bytesutil.o(.text.getSelfEndian)
    [Anonymous Symbol]                       0x08001ac0   Section        0  main.o(.text.main)
    [Anonymous Symbol]                       0x08001b3c   Section        0  easytel.o(.text.registerCmdCallback)
    stdout_putchar                           0x08001b5d   Thumb Code    74  retarget_io.o(.text.stdout_putchar)
    [Anonymous Symbol]                       0x08001b5c   Section        0  retarget_io.o(.text.stdout_putchar)
    [Anonymous Symbol]                       0x08001ba8   Section        0  main.o(.text.test)
    i.__scatterload_copy                     0x08001bbc   Section       14  handlers.o(i.__scatterload_copy)
    i.__scatterload_null                     0x08001bca   Section        2  handlers.o(i.__scatterload_null)
    i.__scatterload_zeroinit                 0x08001bcc   Section       14  handlers.o(i.__scatterload_zeroinit)
    i.puts                                   0x08001bdc   Section        0  puts.o(i.puts)
    __tagsym$$used.0                         0x08001c18   Number         0  eventrecorder.o(.rodata.EventRecorderInfo)
    .L.str                                   0x08001c30   Data           1  easytel.o(.rodata.str1.1)
    [Anonymous Symbol]                       0x08001c30   Section        0  easytel.o(.rodata.str1.1)
    .data                                    0x20000000   Section        4  stdout.o(.data)
    EventBuffer                              0x20000900   Data        1024  eventrecorder.o(.bss.noinit)
    [Anonymous Symbol]                       0x20000900   Section        0  eventrecorder.o(.bss.noinit)
    EventFilter                              0x20000d00   Data         128  eventrecorder.o(.bss.noinit)
    EventStatus                              0x20000d80   Data          36  eventrecorder.o(.bss.noinit)
    stdout_putchar.buffer                    0x20000da4   Data           8  retarget_io.o(.bss.stdout_putchar.buffer)
    [Anonymous Symbol]                       0x20000da4   Section        0  retarget_io.o(.bss.stdout_putchar.buffer)
    stdout_putchar.index                     0x20000dac   Data           4  retarget_io.o(.bss.stdout_putchar.index)
    [Anonymous Symbol]                       0x20000dac   Section        0  retarget_io.o(.bss.stdout_putchar.index)
    STACK                                    0x20000db8   Section     1024  startup_stm32f103x6.o(STACK)

    Global Symbols

    Symbol Name                              Value     Ov Type        Size  Object(Section)

    BuildAttributes$$THM_ISAv4$P$D$K$B$S$PE$A:L22UL41UL21$X:L11$S22US41US21$IEEE1$IW$~IW$USESV6$~STKCKD$USESV7$~SHL$OTIME$ROPI$EBA8$MICROLIB$REQ8$PRES8$EABIv2 0x00000000   Number         0  anon$$obj.o ABSOLUTE
    __cpp_initialize__aeabi_                  - Undefined Weak Reference
    __cxa_finalize                            - Undefined Weak Reference
    __decompress                              - Undefined Weak Reference
    _clock_init                               - Undefined Weak Reference
    _microlib_exit                            - Undefined Weak Reference
    __Vectors_Size                           0x000000ec   Number         0  startup_stm32f103x6.o ABSOLUTE
    __Vectors                                0x08000000   Data           4  startup_stm32f103x6.o(RESET)
    __Vectors_End                            0x080000ec   Data           0  startup_stm32f103x6.o(RESET)
    __main                                   0x080000ed   Thumb Code     0  entry.o(.ARM.Collect$$$$00000000)
    _main_stk                                0x080000ed   Thumb Code     0  entry2.o(.ARM.Collect$$$$00000001)
    _main_scatterload                        0x080000f1   Thumb Code     0  entry5.o(.ARM.Collect$$$$00000004)
    __main_after_scatterload                 0x080000f5   Thumb Code     0  entry5.o(.ARM.Collect$$$$00000004)
    _main_clock                              0x080000f5   Thumb Code     0  entry7b.o(.ARM.Collect$$$$00000008)
    _main_cpp_init                           0x080000f5   Thumb Code     0  entry8b.o(.ARM.Collect$$$$0000000A)
    _main_init                               0x080000f5   Thumb Code     0  entry9a.o(.ARM.Collect$$$$0000000B)
    __rt_final_cpp                           0x080000fd   Thumb Code     0  entry10a.o(.ARM.Collect$$$$0000000D)
    __rt_final_exit                          0x080000fd   Thumb Code     0  entry11a.o(.ARM.Collect$$$$0000000F)
    Reset_Handler                            0x08000101   Thumb Code     8  startup_stm32f103x6.o(.text)
    ADC1_2_IRQHandler                        0x0800011b   Thumb Code     0  startup_stm32f103x6.o(.text)
    CAN1_RX1_IRQHandler                      0x0800011b   Thumb Code     0  startup_stm32f103x6.o(.text)
    CAN1_SCE_IRQHandler                      0x0800011b   Thumb Code     0  startup_stm32f103x6.o(.text)
    DMA1_Channel1_IRQHandler                 0x0800011b   Thumb Code     0  startup_stm32f103x6.o(.text)
    DMA1_Channel2_IRQHandler                 0x0800011b   Thumb Code     0  startup_stm32f103x6.o(.text)
    DMA1_Channel3_IRQHandler                 0x0800011b   Thumb Code     0  startup_stm32f103x6.o(.text)
    DMA1_Channel4_IRQHandler                 0x0800011b   Thumb Code     0  startup_stm32f103x6.o(.text)
    DMA1_Channel5_IRQHandler                 0x0800011b   Thumb Code     0  startup_stm32f103x6.o(.text)
    DMA1_Channel6_IRQHandler                 0x0800011b   Thumb Code     0  startup_stm32f103x6.o(.text)
    DMA1_Channel7_IRQHandler                 0x0800011b   Thumb Code     0  startup_stm32f103x6.o(.text)
    EXTI0_IRQHandler                         0x0800011b   Thumb Code     0  startup_stm32f103x6.o(.text)
    EXTI15_10_IRQHandler                     0x0800011b   Thumb Code     0  startup_stm32f103x6.o(.text)
    EXTI1_IRQHandler                         0x0800011b   Thumb Code     0  startup_stm32f103x6.o(.text)
    EXTI2_IRQHandler                         0x0800011b   Thumb Code     0  startup_stm32f103x6.o(.text)
    EXTI3_IRQHandler                         0x0800011b   Thumb Code     0  startup_stm32f103x6.o(.text)
    EXTI4_IRQHandler                         0x0800011b   Thumb Code     0  startup_stm32f103x6.o(.text)
    EXTI9_5_IRQHandler                       0x0800011b   Thumb Code     0  startup_stm32f103x6.o(.text)
    FLASH_IRQHandler                         0x0800011b   Thumb Code     0  startup_stm32f103x6.o(.text)
    I2C1_ER_IRQHandler                       0x0800011b   Thumb Code     0  startup_stm32f103x6.o(.text)
    I2C1_EV_IRQHandler                       0x0800011b   Thumb Code     0  startup_stm32f103x6.o(.text)
    PVD_IRQHandler                           0x0800011b   Thumb Code     0  startup_stm32f103x6.o(.text)
    RCC_IRQHandler                           0x0800011b   Thumb Code     0  startup_stm32f103x6.o(.text)
    RTC_Alarm_IRQHandler                     0x0800011b   Thumb Code     0  startup_stm32f103x6.o(.text)
    RTC_IRQHandler                           0x0800011b   Thumb Code     0  startup_stm32f103x6.o(.text)
    SPI1_IRQHandler                          0x0800011b   Thumb Code     0  startup_stm32f103x6.o(.text)
    TAMPER_IRQHandler                        0x0800011b   Thumb Code     0  startup_stm32f103x6.o(.text)
    TIM1_BRK_IRQHandler                      0x0800011b   Thumb Code     0  startup_stm32f103x6.o(.text)
    TIM1_CC_IRQHandler                       0x0800011b   Thumb Code     0  startup_stm32f103x6.o(.text)
    TIM1_TRG_COM_IRQHandler                  0x0800011b   Thumb Code     0  startup_stm32f103x6.o(.text)
    TIM1_UP_IRQHandler                       0x0800011b   Thumb Code     0  startup_stm32f103x6.o(.text)
    TIM2_IRQHandler                          0x0800011b   Thumb Code     0  startup_stm32f103x6.o(.text)
    TIM3_IRQHandler                          0x0800011b   Thumb Code     0  startup_stm32f103x6.o(.text)
    USART2_IRQHandler                        0x0800011b   Thumb Code     0  startup_stm32f103x6.o(.text)
    USBWakeUp_IRQHandler                     0x0800011b   Thumb Code     0  startup_stm32f103x6.o(.text)
    USB_HP_CAN1_TX_IRQHandler                0x0800011b   Thumb Code     0  startup_stm32f103x6.o(.text)
    USB_LP_CAN1_RX0_IRQHandler               0x0800011b   Thumb Code     0  startup_stm32f103x6.o(.text)
    WWDG_IRQHandler                          0x0800011b   Thumb Code     0  startup_stm32f103x6.o(.text)
    __aeabi_memcpy                           0x08000125   Thumb Code    36  memcpya.o(.text)
    __aeabi_memcpy4                          0x08000125   Thumb Code     0  memcpya.o(.text)
    __aeabi_memcpy8                          0x08000125   Thumb Code     0  memcpya.o(.text)
    __aeabi_memset                           0x08000149   Thumb Code    14  memseta.o(.text)
    __aeabi_memset4                          0x08000149   Thumb Code     0  memseta.o(.text)
    __aeabi_memset8                          0x08000149   Thumb Code     0  memseta.o(.text)
    __aeabi_memclr                           0x08000157   Thumb Code     4  memseta.o(.text)
    __aeabi_memclr4                          0x08000157   Thumb Code     0  memseta.o(.text)
    __aeabi_memclr8                          0x08000157   Thumb Code     0  memseta.o(.text)
    _memset$wrapper                          0x0800015b   Thumb Code    18  memseta.o(.text)
    __scatterload                            0x0800016d   Thumb Code    28  init.o(.text)
    __scatterload_rt2                        0x0800016d   Thumb Code     0  init.o(.text)
    BusFault_Handler                         0x08000191   Thumb Code     2  stm32f1xx_it.o(.text.BusFault_Handler)
    DebugMon_Handler                         0x08000195   Thumb Code     2  stm32f1xx_it.o(.text.DebugMon_Handler)
    EasyTelPoint_Constructor                 0x08000199   Thumb Code   100  easytel.o(.text.EasyTelPoint_Constructor)
    EasyTel_send                             0x080001fd   Thumb Code    46  easytel.o(.text.EasyTel_send)
    EasyTel_start                            0x0800022d   Thumb Code     8  easytel.o(.text.EasyTel_start)
    Error_Handler                            0x08000235   Thumb Code    10  main.o(.text.Error_Handler)
    EventRecordData                          0x08000299   Thumb Code   274  eventrecorder.o(.text.EventRecordData)
    EventRecorderEnable                      0x08000459   Thumb Code   108  eventrecorder.o(.text.EventRecorderEnable)
    EventRecorderInitialize                  0x080004c5   Thumb Code   238  eventrecorder.o(.text.EventRecorderInitialize)
    EventRecorderStart                       0x080005b5   Thumb Code    48  eventrecorder.o(.text.EventRecorderStart)
    EventRecorderTimerGetCount               0x080005e5   Thumb Code    12  eventrecorder.o(.text.EventRecorderTimerGetCount)
    EventRecorderTimerGetFreq                0x080005f1   Thumb Code    12  eventrecorder.o(.text.EventRecorderTimerGetFreq)
    EventRecorderTimerSetup                  0x080005fd   Thumb Code    36  eventrecorder.o(.text.EventRecorderTimerSetup)
    HAL_DMA_Abort                            0x0800063d   Thumb Code    64  stm32f1xx_hal_dma.o(.text.HAL_DMA_Abort)
    HAL_DMA_Abort_IT                         0x0800067d   Thumb Code   164  stm32f1xx_hal_dma.o(.text.HAL_DMA_Abort_IT)
    HAL_GPIO_Init                            0x08000721   Thumb Code   488  stm32f1xx_hal_gpio.o(.text.HAL_GPIO_Init)
    HAL_GetTick                              0x08000909   Thumb Code    12  stm32f1xx_hal.o(.text.HAL_GetTick)
    HAL_IncTick                              0x08000915   Thumb Code    26  stm32f1xx_hal.o(.text.HAL_IncTick)
    HAL_Init                                 0x08000931   Thumb Code    38  stm32f1xx_hal.o(.text.HAL_Init)
    HAL_InitTick                             0x08000959   Thumb Code    80  stm32f1xx_hal.o(.text.HAL_InitTick)
    HAL_MspInit                              0x080009a9   Thumb Code    66  stm32f1xx_hal_msp.o(.text.HAL_MspInit)
    HAL_NVIC_EnableIRQ                       0x080009ed   Thumb Code     8  stm32f1xx_hal_cortex.o(.text.HAL_NVIC_EnableIRQ)
    HAL_NVIC_SetPriority                     0x080009f5   Thumb Code    30  stm32f1xx_hal_cortex.o(.text.HAL_NVIC_SetPriority)
    HAL_NVIC_SetPriorityGrouping             0x08000a15   Thumb Code     8  stm32f1xx_hal_cortex.o(.text.HAL_NVIC_SetPriorityGrouping)
    HAL_RCC_ClockConfig                      0x08000a1d   Thumb Code   372  stm32f1xx_hal_rcc.o(.text.HAL_RCC_ClockConfig)
    HAL_RCC_GetHCLKFreq                      0x08000b91   Thumb Code    12  stm32f1xx_hal_rcc.o(.text.HAL_RCC_GetHCLKFreq)
    HAL_RCC_GetPCLK1Freq                     0x08000b9d   Thumb Code    34  stm32f1xx_hal_rcc.o(.text.HAL_RCC_GetPCLK1Freq)
    HAL_RCC_GetPCLK2Freq                     0x08000bc1   Thumb Code    34  stm32f1xx_hal_rcc.o(.text.HAL_RCC_GetPCLK2Freq)
    HAL_RCC_GetSysClockFreq                  0x08000be5   Thumb Code    76  stm32f1xx_hal_rcc.o(.text.HAL_RCC_GetSysClockFreq)
    HAL_RCC_OscConfig                        0x08000c45   Thumb Code   780  stm32f1xx_hal_rcc.o(.text.HAL_RCC_OscConfig)
    HAL_SYSTICK_Config                       0x08000f51   Thumb Code     8  stm32f1xx_hal_cortex.o(.text.HAL_SYSTICK_Config)
    HAL_UARTEx_RxEventCallback               0x08000f59   Thumb Code     2  stm32f1xx_hal_uart.o(.text.HAL_UARTEx_RxEventCallback)
    HAL_UART_ErrorCallback                   0x08000f5d   Thumb Code     2  stm32f1xx_hal_uart.o(.text.HAL_UART_ErrorCallback)
    HAL_UART_IRQHandler                      0x08000f61   Thumb Code   464  stm32f1xx_hal_uart.o(.text.HAL_UART_IRQHandler)
    HAL_UART_Init                            0x08001131   Thumb Code    94  stm32f1xx_hal_uart.o(.text.HAL_UART_Init)
    HAL_UART_MspInit                         0x08001191   Thumb Code   142  usart.o(.text.HAL_UART_MspInit)
    HAL_UART_Receive_IT                      0x08001221   Thumb Code    56  stm32f1xx_hal_uart.o(.text.HAL_UART_Receive_IT)
    HAL_UART_RxCpltCallback                  0x08001259   Thumb Code    46  main.o(.text.HAL_UART_RxCpltCallback)
    HAL_UART_TxCpltCallback                  0x08001289   Thumb Code     2  stm32f1xx_hal_uart.o(.text.HAL_UART_TxCpltCallback)
    HardFault_Handler                        0x0800128d   Thumb Code     2  stm32f1xx_it.o(.text.HardFault_Handler)
    MX_GPIO_Init                             0x080012f1   Thumb Code    50  gpio.o(.text.MX_GPIO_Init)
    MX_USART1_UART_Init                      0x08001325   Thumb Code    56  usart.o(.text.MX_USART1_UART_Init)
    MemManage_Handler                        0x0800135d   Thumb Code     2  stm32f1xx_it.o(.text.MemManage_Handler)
    NMI_Handler                              0x08001361   Thumb Code     2  stm32f1xx_it.o(.text.NMI_Handler)
    PendSV_Handler                           0x08001391   Thumb Code     2  stm32f1xx_it.o(.text.PendSV_Handler)
    SVC_Handler                              0x080013c1   Thumb Code     2  stm32f1xx_it.o(.text.SVC_Handler)
    SimpleDPP_Constructor                    0x08001475   Thumb Code    60  simpledpp.o(.text.SimpleDPP_Constructor)
    SimpleDPP_parse                          0x080014b1   Thumb Code   154  simpledpp.o(.text.SimpleDPP_parse)
    SimpleDPP_putchar                        0x0800154d   Thumb Code    18  main.o(.text.SimpleDPP_putchar)
    SimpleDPP_send_datas_end                 0x08001589   Thumb Code    34  simpledpp.o(.text.SimpleDPP_send_datas_end)
    SimpleDPP_send_datas_start               0x080015ad   Thumb Code    32  simpledpp.o(.text.SimpleDPP_send_datas_start)
    SysTick_Handler                          0x080015fd   Thumb Code     8  stm32f1xx_it.o(.text.SysTick_Handler)
    SystemClock_Config                       0x08001605   Thumb Code    96  main.o(.text.SystemClock_Config)
    SystemInit                               0x08001665   Thumb Code     2  system_stm32f1xx.o(.text.SystemInit)
    UART_Start_Receive_IT                    0x08001801   Thumb Code    50  stm32f1xx_hal_uart.o(.text.UART_Start_Receive_IT)
    USART1_IRQHandler                        0x08001889   Thumb Code    16  stm32f1xx_it.o(.text.USART1_IRQHandler)
    UsageFault_Handler                       0x080018c1   Thumb Code     2  stm32f1xx_it.o(.text.UsageFault_Handler)
    __SimpleDPP_send_datas                   0x08001939   Thumb Code   154  simpledpp.o(.text.__SimpleDPP_send_datas)
    byte_buffer_clear                        0x08001a21   Thumb Code     6  bytebuffer.o(.text.byte_buffer_clear)
    byte_buffer_push                         0x08001a29   Thumb Code    30  bytebuffer.o(.text.byte_buffer_push)
    byte_buffer_setmemory                    0x08001a49   Thumb Code    10  bytebuffer.o(.text.byte_buffer_setmemory)
    byte_buffer_size                         0x08001a55   Thumb Code     4  bytebuffer.o(.text.byte_buffer_size)
    fputc                                    0x08001aa1   Thumb Code    26  retarget_io.o(.text.fputc)
    getSelfEndian                            0x08001abd   Thumb Code     4  bytesutil.o(.text.getSelfEndian)
    main                                     0x08001ac1   Thumb Code   122  main.o(.text.main)
    registerCmdCallback                      0x08001b3d   Thumb Code    32  easytel.o(.text.registerCmdCallback)
    test                                     0x08001ba9   Thumb Code    12  main.o(.text.test)
    __scatterload_copy                       0x08001bbd   Thumb Code    14  handlers.o(i.__scatterload_copy)
    __scatterload_null                       0x08001bcb   Thumb Code     2  handlers.o(i.__scatterload_null)
    __scatterload_zeroinit                   0x08001bcd   Thumb Code    14  handlers.o(i.__scatterload_zeroinit)
    puts                                     0x08001bdd   Thumb Code    30  puts.o(i.puts)
    AHBPrescTable                            0x08001c00   Data          16  system_stm32f1xx.o(.rodata.AHBPrescTable)
    APBPrescTable                            0x08001c10   Data           8  system_stm32f1xx.o(.rodata.APBPrescTable)
    EventRecorderInfo                        0x08001c18   Data          24  eventrecorder.o(.rodata.EventRecorderInfo)
    Region$$Table$$Base                      0x08001c34   Number         0  anon$$obj.o(Region$$Table)
    Region$$Table$$Limit                     0x08001c54   Number         0  anon$$obj.o(Region$$Table)
    __stdout                                 0x20000000   Data           4  stdout.o(.data)
    SystemCoreClock                          0x20000004   Data           4  system_stm32f1xx.o(.data.SystemCoreClock)
    uwTickFreq                               0x20000008   Data           1  stm32f1xx_hal.o(.data.uwTickFreq)
    uwTickPrio                               0x2000000c   Data           4  stm32f1xx_hal.o(.data.uwTickPrio)
    __recv_data                              0x20000040   Data         512  main.o(.bss.__recv_data)
    __send_data                              0x20000240   Data         512  main.o(.bss.__send_data)
    aRxBuffer1                               0x20000440   Data          16  main.o(.bss.aRxBuffer1)
    etp_o                                    0x20000450   Data        1080  main.o(.bss.etp_o)
    huart1                                   0x20000888   Data          68  usart.o(.bss.huart1)
    uwTick                                   0x20000db0   Data           4  stm32f1xx_hal.o(.bss.uwTick)
    __initial_sp                             0x200011b8   Data           0  startup_stm32f103x6.o(STACK)



==============================================================================

Memory Map of the image

  Image Entry point : 0x080000ed

  Load Region LR_IROM1 (Base: 0x08000000, Size: 0x00001cc0, Max: 0x00008000, ABSOLUTE)

    Execution Region ER_IROM1 (Exec base: 0x08000000, Load base: 0x08000000, Size: 0x00001c54, Max: 0x00008000, ABSOLUTE)

    Exec Addr    Load Addr    Size         Type   Attr      Idx    E Section Name        Object

    0x08000000   0x08000000   0x000000ec   Data   RO            3    RESET               startup_stm32f103x6.o
    0x080000ec   0x080000ec   0x00000000   Code   RO          870  * .ARM.Collect$$$$00000000  mc_w.l(entry.o)
    0x080000ec   0x080000ec   0x00000004   Code   RO          897    .ARM.Collect$$$$00000001  mc_w.l(entry2.o)
    0x080000f0   0x080000f0   0x00000004   Code   RO          900    .ARM.Collect$$$$00000004  mc_w.l(entry5.o)
    0x080000f4   0x080000f4   0x00000000   Code   RO          902    .ARM.Collect$$$$00000008  mc_w.l(entry7b.o)
    0x080000f4   0x080000f4   0x00000000   Code   RO          904    .ARM.Collect$$$$0000000A  mc_w.l(entry8b.o)
    0x080000f4   0x080000f4   0x00000008   Code   RO          905    .ARM.Collect$$$$0000000B  mc_w.l(entry9a.o)
    0x080000fc   0x080000fc   0x00000000   Code   RO          907    .ARM.Collect$$$$0000000D  mc_w.l(entry10a.o)
    0x080000fc   0x080000fc   0x00000000   Code   RO          909    .ARM.Collect$$$$0000000F  mc_w.l(entry11a.o)
    0x080000fc   0x080000fc   0x00000004   Code   RO          898    .ARM.Collect$$$$00002712  mc_w.l(entry2.o)
    0x08000100   0x08000100   0x00000024   Code   RO            4    .text               startup_stm32f103x6.o
    0x08000124   0x08000124   0x00000024   Code   RO          887    .text               mc_w.l(memcpya.o)
    0x08000148   0x08000148   0x00000024   Code   RO          889    .text               mc_w.l(memseta.o)
    0x0800016c   0x0800016c   0x00000024   Code   RO          916    .text               mc_w.l(init.o)
    0x08000190   0x08000190   0x00000002   Code   RO           67    .text.BusFault_Handler  stm32f1xx_it.o
    0x08000192   0x08000192   0x00000002   PAD
    0x08000194   0x08000194   0x00000002   Code   RO           73    .text.DebugMon_Handler  stm32f1xx_it.o
    0x08000196   0x08000196   0x00000002   PAD
    0x08000198   0x08000198   0x00000064   Code   RO          642    .text.EasyTelPoint_Constructor  easytel.o
    0x080001fc   0x080001fc   0x0000002e   Code   RO          654    .text.EasyTel_send  easytel.o
    0x0800022a   0x0800022a   0x00000002   PAD
    0x0800022c   0x0800022c   0x00000008   Code   RO          644    .text.EasyTel_start  easytel.o
    0x08000234   0x08000234   0x0000000a   Code   RO           21    .text.Error_Handler  main.o
    0x0800023e   0x0800023e   0x00000002   PAD
    0x08000240   0x08000240   0x0000002e   Code   RO          833    .text.EventCheckFilter  eventrecorder.o
    0x0800026e   0x0800026e   0x00000002   PAD
    0x08000270   0x08000270   0x00000028   Code   RO          819    .text.EventGetTS    eventrecorder.o
    0x08000298   0x08000298   0x00000112   Code   RO          831    .text.EventRecordData  eventrecorder.o
    0x080003aa   0x080003aa   0x00000002   PAD
    0x080003ac   0x080003ac   0x000000ac   Code   RO          821    .text.EventRecordItem  eventrecorder.o
    0x08000458   0x08000458   0x0000006c   Code   RO          817    .text.EventRecorderEnable  eventrecorder.o
    0x080004c4   0x080004c4   0x000000ee   Code   RO          813    .text.EventRecorderInitialize  eventrecorder.o
    0x080005b2   0x080005b2   0x00000002   PAD
    0x080005b4   0x080005b4   0x00000030   Code   RO          823    .text.EventRecorderStart  eventrecorder.o
    0x080005e4   0x080005e4   0x0000000c   Code   RO          811    .text.EventRecorderTimerGetCount  eventrecorder.o
    0x080005f0   0x080005f0   0x0000000c   Code   RO          809    .text.EventRecorderTimerGetFreq  eventrecorder.o
    0x080005fc   0x080005fc   0x00000024   Code   RO          807    .text.EventRecorderTimerSetup  eventrecorder.o
    0x08000620   0x08000620   0x00000008   Code   RO          835    .text.GetContext    eventrecorder.o
    0x08000628   0x08000628   0x00000012   Code   RO          849    .text.GetRecordIndex  eventrecorder.o
    0x0800063a   0x0800063a   0x00000002   PAD
    0x0800063c   0x0800063c   0x00000040   Code   RO          390    .text.HAL_DMA_Abort  stm32f1xx_hal_dma.o
    0x0800067c   0x0800067c   0x000000a4   Code   RO          392    .text.HAL_DMA_Abort_IT  stm32f1xx_hal_dma.o
    0x08000720   0x08000720   0x000001e8   Code   RO          356    .text.HAL_GPIO_Init  stm32f1xx_hal_gpio.o
    0x08000908   0x08000908   0x0000000c   Code   RO          255    .text.HAL_GetTick   stm32f1xx_hal.o
    0x08000914   0x08000914   0x0000001a   Code   RO          253    .text.HAL_IncTick   stm32f1xx_hal.o
    0x0800092e   0x0800092e   0x00000002   PAD
    0x08000930   0x08000930   0x00000026   Code   RO          243    .text.HAL_Init      stm32f1xx_hal.o
    0x08000956   0x08000956   0x00000002   PAD
    0x08000958   0x08000958   0x00000050   Code   RO          245    .text.HAL_InitTick  stm32f1xx_hal.o
    0x080009a8   0x080009a8   0x00000042   Code   RO           88    .text.HAL_MspInit   stm32f1xx_hal_msp.o
    0x080009ea   0x080009ea   0x00000002   PAD
    0x080009ec   0x080009ec   0x00000008   Code   RO          426    .text.HAL_NVIC_EnableIRQ  stm32f1xx_hal_cortex.o
    0x080009f4   0x080009f4   0x0000001e   Code   RO          418    .text.HAL_NVIC_SetPriority  stm32f1xx_hal_cortex.o
    0x08000a12   0x08000a12   0x00000002   PAD
    0x08000a14   0x08000a14   0x00000008   Code   RO          414    .text.HAL_NVIC_SetPriorityGrouping  stm32f1xx_hal_cortex.o
    0x08000a1c   0x08000a1c   0x00000174   Code   RO          310    .text.HAL_RCC_ClockConfig  stm32f1xx_hal_rcc.o
    0x08000b90   0x08000b90   0x0000000c   Code   RO          320    .text.HAL_RCC_GetHCLKFreq  stm32f1xx_hal_rcc.o
    0x08000b9c   0x08000b9c   0x00000022   Code   RO          322    .text.HAL_RCC_GetPCLK1Freq  stm32f1xx_hal_rcc.o
    0x08000bbe   0x08000bbe   0x00000002   PAD
    0x08000bc0   0x08000bc0   0x00000022   Code   RO          324    .text.HAL_RCC_GetPCLK2Freq  stm32f1xx_hal_rcc.o
    0x08000be2   0x08000be2   0x00000002   PAD
    0x08000be4   0x08000be4   0x00000060   Code   RO          312    .text.HAL_RCC_GetSysClockFreq  stm32f1xx_hal_rcc.o
    0x08000c44   0x08000c44   0x0000030c   Code   RO          306    .text.HAL_RCC_OscConfig  stm32f1xx_hal_rcc.o
    0x08000f50   0x08000f50   0x00000008   Code   RO          438    .text.HAL_SYSTICK_Config  stm32f1xx_hal_cortex.o
    0x08000f58   0x08000f58   0x00000002   Code   RO          203    .text.HAL_UARTEx_RxEventCallback  stm32f1xx_hal_uart.o
    0x08000f5a   0x08000f5a   0x00000002   PAD
    0x08000f5c   0x08000f5c   0x00000002   Code   RO          201    .text.HAL_UART_ErrorCallback  stm32f1xx_hal_uart.o
    0x08000f5e   0x08000f5e   0x00000002   PAD
    0x08000f60   0x08000f60   0x000001d0   Code   RO          195    .text.HAL_UART_IRQHandler  stm32f1xx_hal_uart.o
    0x08001130   0x08001130   0x0000005e   Code   RO          113    .text.HAL_UART_Init  stm32f1xx_hal_uart.o
    0x0800118e   0x0800118e   0x00000002   PAD
    0x08001190   0x08001190   0x0000008e   Code   RO           48    .text.HAL_UART_MspInit  usart.o
    0x0800121e   0x0800121e   0x00000002   PAD
    0x08001220   0x08001220   0x00000038   Code   RO          137    .text.HAL_UART_Receive_IT  stm32f1xx_hal_uart.o
    0x08001258   0x08001258   0x0000002e   Code   RO           23    .text.HAL_UART_RxCpltCallback  main.o
    0x08001286   0x08001286   0x00000002   PAD
    0x08001288   0x08001288   0x00000002   Code   RO          209    .text.HAL_UART_TxCpltCallback  stm32f1xx_hal_uart.o
    0x0800128a   0x0800128a   0x00000002   PAD
    0x0800128c   0x0800128c   0x00000002   Code   RO           63    .text.HardFault_Handler  stm32f1xx_it.o
    0x0800128e   0x0800128e   0x00000002   PAD
    0x08001290   0x08001290   0x00000012   Code   RO          843    .text.IncrementOverflowTS  eventrecorder.o
    0x080012a2   0x080012a2   0x00000002   PAD
    0x080012a4   0x080012a4   0x00000012   Code   RO          857    .text.IncrementRecordsDumped  eventrecorder.o
    0x080012b6   0x080012b6   0x00000002   PAD
    0x080012b8   0x080012b8   0x00000012   Code   RO          855    .text.IncrementRecordsWritten  eventrecorder.o
    0x080012ca   0x080012ca   0x00000002   PAD
    0x080012cc   0x080012cc   0x00000024   Code   RO          851    .text.LockRecord    eventrecorder.o
    0x080012f0   0x080012f0   0x00000032   Code   RO           38    .text.MX_GPIO_Init  gpio.o
    0x08001322   0x08001322   0x00000002   PAD
    0x08001324   0x08001324   0x00000038   Code   RO           46    .text.MX_USART1_UART_Init  usart.o
    0x0800135c   0x0800135c   0x00000002   Code   RO           65    .text.MemManage_Handler  stm32f1xx_it.o
    0x0800135e   0x0800135e   0x00000002   PAD
    0x08001360   0x08001360   0x00000002   Code   RO           61    .text.NMI_Handler   stm32f1xx_it.o
    0x08001362   0x08001362   0x00000002   PAD
    0x08001364   0x08001364   0x0000002c   Code   RO          424    .text.NVIC_EncodePriority  stm32f1xx_hal_cortex.o
    0x08001390   0x08001390   0x00000002   Code   RO           75    .text.PendSV_Handler  stm32f1xx_it.o
    0x08001392   0x08001392   0x00000002   PAD
    0x08001394   0x08001394   0x0000002c   Code   RO          308    .text.RCC_Delay     stm32f1xx_hal_rcc.o
    0x080013c0   0x080013c0   0x00000002   Code   RO           71    .text.SVC_Handler   stm32f1xx_it.o
    0x080013c2   0x080013c2   0x00000002   PAD
    0x080013c4   0x080013c4   0x00000072   Code   RO          646    .text.SimpleDPPRecvCallback  easytel.o
    0x08001436   0x08001436   0x00000002   PAD
    0x08001438   0x08001438   0x0000001a   Code   RO          695    .text.SimpleDPPRecvInnerCallback  simpledpp.o
    0x08001452   0x08001452   0x00000002   PAD
    0x08001454   0x08001454   0x00000002   Code   RO          648    .text.SimpleDPPRevErrorCallback  easytel.o
    0x08001456   0x08001456   0x00000002   PAD
    0x08001458   0x08001458   0x0000001c   Code   RO          693    .text.SimpleDPPRevErrorInnerCallback  simpledpp.o
    0x08001474   0x08001474   0x0000003c   Code   RO          675    .text.SimpleDPP_Constructor  simpledpp.o
    0x080014b0   0x080014b0   0x0000009a   Code   RO          691    .text.SimpleDPP_parse  simpledpp.o
    0x0800154a   0x0800154a   0x00000002   PAD
    0x0800154c   0x0800154c   0x00000012   Code   RO           11    .text.SimpleDPP_putchar  main.o
    0x0800155e   0x0800155e   0x00000002   PAD
    0x08001560   0x08001560   0x00000026   Code   RO          685    .text.SimpleDPP_send_buffer  simpledpp.o
    0x08001586   0x08001586   0x00000002   PAD
    0x08001588   0x08001588   0x00000022   Code   RO          683    .text.SimpleDPP_send_datas_end  simpledpp.o
    0x080015aa   0x080015aa   0x00000002   PAD
    0x080015ac   0x080015ac   0x00000020   Code   RO          679    .text.SimpleDPP_send_datas_start  simpledpp.o
    0x080015cc   0x080015cc   0x0000002e   Code   RO          440    .text.SysTick_Config  stm32f1xx_hal_cortex.o
    0x080015fa   0x080015fa   0x00000002   PAD
    0x080015fc   0x080015fc   0x00000008   Code   RO           77    .text.SysTick_Handler  stm32f1xx_it.o
    0x08001604   0x08001604   0x00000060   Code   RO           19    .text.SystemClock_Config  main.o
    0x08001664   0x08001664   0x00000002   Code   RO          627    .text.SystemInit    system_stm32f1xx.o
    0x08001666   0x08001666   0x00000002   PAD
    0x08001668   0x08001668   0x00000010   Code   RO          199    .text.UART_DMAAbortOnError  stm32f1xx_hal_uart.o
    0x08001678   0x08001678   0x0000002c   Code   RO          161    .text.UART_EndRxTransfer  stm32f1xx_hal_uart.o
    0x080016a4   0x080016a4   0x00000018   Code   RO          207    .text.UART_EndTransmit_IT  stm32f1xx_hal_uart.o
    0x080016bc   0x080016bc   0x000000b4   Code   RO          197    .text.UART_Receive_IT  stm32f1xx_hal_uart.o
    0x08001770   0x08001770   0x0000008e   Code   RO          117    .text.UART_SetConfig  stm32f1xx_hal_uart.o
    0x080017fe   0x080017fe   0x00000002   PAD
    0x08001800   0x08001800   0x00000032   Code   RO          139    .text.UART_Start_Receive_IT  stm32f1xx_hal_uart.o
    0x08001832   0x08001832   0x00000002   PAD
    0x08001834   0x08001834   0x00000052   Code   RO          205    .text.UART_Transmit_IT  stm32f1xx_hal_uart.o
    0x08001886   0x08001886   0x00000002   PAD
    0x08001888   0x08001888   0x00000010   Code   RO           79    .text.USART1_IRQHandler  stm32f1xx_it.o
    0x08001898   0x08001898   0x00000020   Code   RO          853    .text.UnlockRecord  eventrecorder.o
    0x080018b8   0x080018b8   0x00000008   Code   RO          841    .text.UpdateTS      eventrecorder.o
    0x080018c0   0x080018c0   0x00000002   Code   RO           69    .text.UsageFault_Handler  stm32f1xx_it.o
    0x080018c2   0x080018c2   0x00000002   PAD
    0x080018c4   0x080018c4   0x00000020   Code   RO          428    .text.__NVIC_EnableIRQ  stm32f1xx_hal_cortex.o
    0x080018e4   0x080018e4   0x00000010   Code   RO          420    .text.__NVIC_GetPriorityGrouping  stm32f1xx_hal_cortex.o
    0x080018f4   0x080018f4   0x00000022   Code   RO          422    .text.__NVIC_SetPriority  stm32f1xx_hal_cortex.o
    0x08001916   0x08001916   0x00000002   PAD
    0x08001918   0x08001918   0x00000020   Code   RO          416    .text.__NVIC_SetPriorityGrouping  stm32f1xx_hal_cortex.o
    0x08001938   0x08001938   0x0000009a   Code   RO          689    .text.__SimpleDPP_send_datas  simpledpp.o
    0x080019d2   0x080019d2   0x00000002   PAD
    0x080019d4   0x080019d4   0x00000012   Code   RO          847    .text.atomic_inc32  eventrecorder.o
    0x080019e6   0x080019e6   0x00000002   PAD
    0x080019e8   0x080019e8   0x0000001c   Code   RO          859    .text.atomic_inc8   eventrecorder.o
    0x08001a04   0x08001a04   0x0000001c   Code   RO          845    .text.atomic_xch32  eventrecorder.o
    0x08001a20   0x08001a20   0x00000006   Code   RO          717    .text.byte_buffer_clear  bytebuffer.o
    0x08001a26   0x08001a26   0x00000002   PAD
    0x08001a28   0x08001a28   0x0000001e   Code   RO          711    .text.byte_buffer_push  bytebuffer.o
    0x08001a46   0x08001a46   0x00000002   PAD
    0x08001a48   0x08001a48   0x0000000a   Code   RO          705    .text.byte_buffer_setmemory  bytebuffer.o
    0x08001a52   0x08001a52   0x00000002   PAD
    0x08001a54   0x08001a54   0x00000004   Code   RO          707    .text.byte_buffer_size  bytebuffer.o
    0x08001a58   0x08001a58   0x00000048   Code   RO          815    .text.crc16_ccitt   eventrecorder.o
    0x08001aa0   0x08001aa0   0x0000001a   Code   RO          785    .text.fputc         retarget_io.o
    0x08001aba   0x08001aba   0x00000002   PAD
    0x08001abc   0x08001abc   0x00000004   Code   RO          729    .text.getSelfEndian  bytesutil.o
    0x08001ac0   0x08001ac0   0x0000007a   Code   RO           17    .text.main          main.o
    0x08001b3a   0x08001b3a   0x00000002   PAD
    0x08001b3c   0x08001b3c   0x00000020   Code   RO          652    .text.registerCmdCallback  easytel.o
    0x08001b5c   0x08001b5c   0x0000004a   Code   RO          787    .text.stdout_putchar  retarget_io.o
    0x08001ba6   0x08001ba6   0x00000002   PAD
    0x08001ba8   0x08001ba8   0x00000014   Code   RO           15    .text.test          main.o
    0x08001bbc   0x08001bbc   0x0000000e   Code   RO          924    i.__scatterload_copy  mc_w.l(handlers.o)
    0x08001bca   0x08001bca   0x00000002   Code   RO          925    i.__scatterload_null  mc_w.l(handlers.o)
    0x08001bcc   0x08001bcc   0x0000000e   Code   RO          926    i.__scatterload_zeroinit  mc_w.l(handlers.o)
    0x08001bda   0x08001bda   0x00000002   PAD
    0x08001bdc   0x08001bdc   0x00000024   Code   RO          875    i.puts              mc_w.l(puts.o)
    0x08001c00   0x08001c00   0x00000010   Data   RO          632    .rodata.AHBPrescTable  system_stm32f1xx.o
    0x08001c10   0x08001c10   0x00000008   Data   RO          633    .rodata.APBPrescTable  system_stm32f1xx.o
    0x08001c18   0x08001c18   0x00000018   Data   RO          862    .rodata.EventRecorderInfo  eventrecorder.o
    0x08001c30   0x08001c30   0x00000001   Data   RO          666    .rodata.str1.1      easytel.o
    0x08001c31   0x08001c31   0x00000003   PAD
    0x08001c34   0x08001c34   0x00000020   Data   RO          923    Region$$Table       anon$$obj.o


    Execution Region RW_IRAM1 (Exec base: 0x20000000, Load base: 0x08001c80, Size: 0x000011b8, Max: 0x00002800, ABSOLUTE)

    Exec Addr    Load Addr    Size         Type   Attr      Idx    E Section Name        Object

    0x20000000   0x08001c80   0x00000004   Data   RW          885    .data               mc_w.l(stdout.o)
    0x20000004   0x08001c84   0x00000004   Data   RW          631    .data.SystemCoreClock  system_stm32f1xx.o
    0x20000008   0x08001c88   0x00000001   Data   RW          294    .data.uwTickFreq    stm32f1xx_hal.o
    0x20000009   0x08001c89   0x00000003   PAD
    0x2000000c   0x08001c8c   0x00000004   Data   RW          293    .data.uwTickPrio    stm32f1xx_hal.o
    0x20000010   0x08001c90   0x00000030   PAD
    0x20000040        -       0x00000200   Zero   RW           28    .bss.__recv_data    main.o
    0x20000240        -       0x00000200   Zero   RW           27    .bss.__send_data    main.o
    0x20000440        -       0x00000010   Zero   RW           25    .bss.aRxBuffer1     main.o
    0x20000450        -       0x00000438   Zero   RW           26    .bss.etp_o          main.o
    0x20000888        -       0x00000044   Zero   RW           52    .bss.huart1         usart.o
    0x200008cc   0x08001c90   0x00000034   PAD
    0x20000900        -       0x000004a4   Zero   RW          861    .bss.noinit         eventrecorder.o
    0x20000da4        -       0x00000008   Zero   RW          798    .bss.stdout_putchar.buffer  retarget_io.o
    0x20000dac        -       0x00000004   Zero   RW          797    .bss.stdout_putchar.index  retarget_io.o
    0x20000db0        -       0x00000004   Zero   RW          295    .bss.uwTick         stm32f1xx_hal.o
    0x20000db4   0x08001c90   0x00000004   PAD
    0x20000db8        -       0x00000400   Zero   RW            1    STACK               startup_stm32f103x6.o


==============================================================================

Image component sizes


      Code (inc. data)   RO Data    RW Data    ZI Data      Debug   Object Name

        50          0          0          0          0       2186   bytebuffer.o
         4          0          0          0          0       7364   bytesutil.o
       302          4          1          0          0       4893   easytel.o
      1288          0         24          0       1188      10242   eventrecorder.o
        50          0          0          0          0        920   gpio.o
       312          8          0          0       2120       5756   main.o
       100          0          0          0         12       2407   retarget_io.o
       526          0          0          0          0       4694   simpledpp.o
        36          8        236          0       1024        796   startup_stm32f103x6.o
       156          0          0          5          4       5657   stm32f1xx_hal.o
       258          0          0          0          0       8632   stm32f1xx_hal_cortex.o
       228          0          0          0          0       7440   stm32f1xx_hal_dma.o
       488         20          0          0          0       4678   stm32f1xx_hal_gpio.o
        66          0          0          0          0       1206   stm32f1xx_hal_msp.o
      1372         20          0          0          0       7044   stm32f1xx_hal_rcc.o
      1158          0          0          0          0      20625   stm32f1xx_hal_uart.o
        40          0          0          0          0       1694   stm32f1xx_it.o
         2          0         24          4          0       1631   system_stm32f1xx.o
       198          0          0          0         68       5129   usart.o

    ----------------------------------------------------------------------
      6736         60        320         12       4520     102994   Object Totals
         0          0         32          0          0          0   (incl. Generated)
       102          0          3          3        104          0   (incl. Padding)

    ----------------------------------------------------------------------

      Code (inc. data)   RO Data    RW Data    ZI Data      Debug   Library Member Name

         0          0          0          0          0          0   entry.o
         0          0          0          0          0          0   entry10a.o
         0          0          0          0          0          0   entry11a.o
         8          4          0          0          0          0   entry2.o
         4          0          0          0          0          0   entry5.o
         0          0          0          0          0          0   entry7b.o
         0          0          0          0          0          0   entry8b.o
         8          4          0          0          0          0   entry9a.o
        30          0          0          0          0          0   handlers.o
        36          8          0          0          0         68   init.o
        36          0          0          0          0         68   memcpya.o
        36          0          0          0          0        108   memseta.o
        36          6          0          0          0         80   puts.o
         0          0          0          4          0          0   stdout.o

    ----------------------------------------------------------------------
       196         22          0          4          0        324   Library Totals
         2          0          0          0          0          0   (incl. Padding)

    ----------------------------------------------------------------------

      Code (inc. data)   RO Data    RW Data    ZI Data      Debug   Library Name

       194         22          0          4          0        324   mc_w.l

    ----------------------------------------------------------------------
       196         22          0          4          0        324   Library Totals

    ----------------------------------------------------------------------

==============================================================================


      Code (inc. data)   RO Data    RW Data    ZI Data      Debug   

      6932         82        320         16       4520     103078   Grand Totals
      6932         82        320         16       4520     103078   ELF Image Totals
      6932         82        320         16          0          0   ROM Totals

==============================================================================

    Total RO  Size (Code + RO Data)                 7252 (   7.08kB)
    Total RW  Size (RW Data + ZI Data)              4536 (   4.43kB)
    Total ROM Size (Code + RO Data + RW Data)       7268 (   7.10kB)

==============================================================================

